Archive member included to satisfy reference by file (symbol)

app/libapp.a(MyMath.c.obj)    (--whole-archive)
app/libapp.a(main.c.obj)      (--whole-archive)
zephyr/libzephyr.a(soc_nrf_common.S.obj)
                              (--whole-archive)
zephyr/libzephyr.a(assert.c.obj)
                              (--whole-archive)
zephyr/libzephyr.a(bitarray.c.obj)
                              (--whole-archive)
zephyr/libzephyr.a(cbprintf.c.obj)
                              (--whole-archive)
zephyr/libzephyr.a(cbprintf_complete.c.obj)
                              (--whole-archive)
zephyr/libzephyr.a(cbprintf_packaged.c.obj)
                              (--whole-archive)
zephyr/libzephyr.a(configs.c.obj)
                              (--whole-archive)
zephyr/libzephyr.a(crc16_sw.c.obj)
                              (--whole-archive)
zephyr/libzephyr.a(crc32_sw.c.obj)
                              (--whole-archive)
zephyr/libzephyr.a(crc32c_sw.c.obj)
                              (--whole-archive)
zephyr/libzephyr.a(crc7_sw.c.obj)
                              (--whole-archive)
zephyr/libzephyr.a(crc8_sw.c.obj)
                              (--whole-archive)
zephyr/libzephyr.a(dec.c.obj)
                              (--whole-archive)
zephyr/libzephyr.a(fdtable.c.obj)
                              (--whole-archive)
zephyr/libzephyr.a(heap-validate.c.obj)
                              (--whole-archive)
zephyr/libzephyr.a(heap.c.obj)
                              (--whole-archive)
zephyr/libzephyr.a(hex.c.obj)
                              (--whole-archive)
zephyr/libzephyr.a(notify.c.obj)
                              (--whole-archive)
zephyr/libzephyr.a(nrf_cc3xx_platform_abort_zephyr.c.obj)
                              (--whole-archive)
zephyr/libzephyr.a(nrf_cc3xx_platform_mutex_zephyr.c.obj)
                              (--whole-archive)
zephyr/libzephyr.a(onoff.c.obj)
                              (--whole-archive)
zephyr/libzephyr.a(pm_ctrl.c.obj)
                              (--whole-archive)
zephyr/libzephyr.a(policy_residency.c.obj)
                              (--whole-archive)
zephyr/libzephyr.a(power.c.obj)
                              (--whole-archive)
zephyr/libzephyr.a(printk.c.obj)
                              (--whole-archive)
zephyr/libzephyr.a(rb.c.obj)  (--whole-archive)
zephyr/libzephyr.a(reboot.c.obj)
                              (--whole-archive)
zephyr/libzephyr.a(sem.c.obj)
                              (--whole-archive)
zephyr/libzephyr.a(thread_entry.c.obj)
                              (--whole-archive)
zephyr/libzephyr.a(timeutil.c.obj)
                              (--whole-archive)
zephyr/libzephyr.a(tracing_none.c.obj)
                              (--whole-archive)
zephyr/libzephyr.a(validate_base_addresses.c.obj)
                              (--whole-archive)
zephyr/libzephyr.a(validate_enabled_instances.c.obj)
                              (--whole-archive)
zephyr/arch/common/libarch__common.a(sw_isr_common.c.obj)
                              (--whole-archive)
zephyr/arch/arch/arm/core/aarch32/libarch__arm__core__aarch32.a(cpu_idle.S.obj)
                              (--whole-archive)
zephyr/arch/arch/arm/core/aarch32/libarch__arm__core__aarch32.a(isr_wrapper.S.obj)
                              (--whole-archive)
zephyr/arch/arch/arm/core/aarch32/libarch__arm__core__aarch32.a(nmi_on_reset.S.obj)
                              (--whole-archive)
zephyr/arch/arch/arm/core/aarch32/libarch__arm__core__aarch32.a(swap_helper.S.obj)
                              (--whole-archive)
zephyr/arch/arch/arm/core/aarch32/libarch__arm__core__aarch32.a(fatal.c.obj)
                              (--whole-archive)
zephyr/arch/arch/arm/core/aarch32/libarch__arm__core__aarch32.a(irq_manage.c.obj)
                              (--whole-archive)
zephyr/arch/arch/arm/core/aarch32/libarch__arm__core__aarch32.a(nmi.c.obj)
                              (--whole-archive)
zephyr/arch/arch/arm/core/aarch32/libarch__arm__core__aarch32.a(prep_c.c.obj)
                              (--whole-archive)
zephyr/arch/arch/arm/core/aarch32/libarch__arm__core__aarch32.a(swap.c.obj)
                              (--whole-archive)
zephyr/arch/arch/arm/core/aarch32/libarch__arm__core__aarch32.a(thread.c.obj)
                              (--whole-archive)
zephyr/arch/arch/arm/core/aarch32/cortex_m/libarch__arm__core__aarch32__cortex_m.a(exc_exit.S.obj)
                              (--whole-archive)
zephyr/arch/arch/arm/core/aarch32/cortex_m/libarch__arm__core__aarch32__cortex_m.a(fault_s.S.obj)
                              (--whole-archive)
zephyr/arch/arch/arm/core/aarch32/cortex_m/libarch__arm__core__aarch32__cortex_m.a(reset.S.obj)
                              (--whole-archive)
zephyr/arch/arch/arm/core/aarch32/cortex_m/libarch__arm__core__aarch32__cortex_m.a(vector_table.S.obj)
                              (--whole-archive)
[...]
Memory Configuration

Name             Origin             Length             Attributes
FLASH            0x0000000000000000 0x0000000000100000 xr
SRAM             0x0000000020000000 0x0000000000040000 xw
IDT_LIST         0x00000000fffff7ff 0x0000000000000800 xw
*default*        0x0000000000000000 0xffffffffffffffff

Linker script and memory map

LOAD zephyr/CMakeFiles/zephyr_final.dir/dev_handles.c.obj
LOAD zephyr/CMakeFiles/zephyr_final.dir/misc/empty_file.c.obj
LOAD zephyr/CMakeFiles/zephyr_final.dir/isr_tables.c.obj
                0x0000000000000020                _region_min_align = 0x20

.rel.plt        0x0000000000000000        0x0
 *(SORT_BY_ALIGNMENT(.rel.plt))
                [!provide]                        PROVIDE (__rel_iplt_start = .)
 *(SORT_BY_ALIGNMENT(.rel.iplt))
 .rel.iplt      0x0000000000000000        0x0 zephyr/CMakeFiles/zephyr_final.dir/dev_handles.c.obj
                [!provide]                        PROVIDE (__rel_iplt_end = .)

.rela.plt       0x0000000000000000        0x0
 *(SORT_BY_ALIGNMENT(.rela.plt))
                [!provide]                        PROVIDE (__rela_iplt_start = .)
 *(SORT_BY_ALIGNMENT(.rela.iplt))
                [!provide]                        PROVIDE (__rela_iplt_end = .)

.rel.dyn
 *(SORT_BY_ALIGNMENT(.rel.*))

.rela.dyn
 *(SORT_BY_ALIGNMENT(.rela.*))

/DISCARD/
 *(SORT_BY_ALIGNMENT(.plt))
 *(SORT_BY_ALIGNMENT(.iplt))
 *(SORT_BY_ALIGNMENT(.got.plt))
 *(SORT_BY_ALIGNMENT(.igot.plt))
 *(SORT_BY_ALIGNMENT(.got))
 *(SORT_BY_ALIGNMENT(.igot))
 *(SORT_BY_ALIGNMENT(.irq_info*))
 *(SORT_BY_ALIGNMENT(.intList*))
 *(SORT_BY_ALIGNMENT(.note.GNU-stack))
                0x0000000000000000                __rom_region_start = 0x0

rom_start       0x0000000000000000      0x100
                0x0000000000000000                . = 0x0
                0x0000000000000000                . = ALIGN (0x4)
                0x0000000000000000                . = ALIGN (0x80)
                0x0000000000000000                . = ALIGN (0x100)
                0x0000000000000000                _vector_start = .
 *(SORT_BY_ALIGNMENT(.exc_vector_table))
 *(SORT_BY_ALIGNMENT(.exc_vector_table.*))
 .exc_vector_table._vector_table_section
                0x0000000000000000       0x40 zephyr/arch/arch/arm/core/aarch32/cortex_m/libarch__arm__core__aarch32__cortex_m.a(vector_table.S.obj)
                0x0000000000000000                _vector_table
 *(SORT_BY_ALIGNMENT(.gnu.linkonce.irq_vector_table*))
 .gnu.linkonce.irq_vector_table
                0x0000000000000040       0xc0 zephyr/CMakeFiles/zephyr_final.dir/isr_tables.c.obj
                0x0000000000000040                _irq_vector_table
 *(SORT_BY_ALIGNMENT(.vectors))
                0x0000000000000100                _vector_end = .

text            0x0000000000000100     0x6554
                0x0000000000000100                __text_region_start = .
 *(SORT_BY_ALIGNMENT(.text))
 .text          0x0000000000000100       0x30 /opt/gnuarmemb/bin/../lib/gcc/arm-none-eabi/9.2.1/thumb/v7e-m/nofp/libgcc.a(_aeabi_uldivmod.o)
                0x0000000000000100                __aeabi_uldivmod
 .text          0x0000000000000130      0x2c0 /opt/gnuarmemb/bin/../lib/gcc/arm-none-eabi/9.2.1/thumb/v7e-m/nofp/libgcc.a(_udivmoddi4.o)
                0x0000000000000130                __udivmoddi4
 .text          0x00000000000003f0        0x4 /opt/gnuarmemb/bin/../lib/gcc/arm-none-eabi/9.2.1/thumb/v7e-m/nofp/libgcc.a(_dvmd_tls.o)
                0x00000000000003f0                __aeabi_ldiv0
                0x00000000000003f0                __aeabi_idiv0
 *(SORT_BY_ALIGNMENT(.text.*))
 .text.main     0x00000000000003f4       0x48 app/libapp.a(main.c.obj)
                0x00000000000003f4                main
 .text.cbvprintf
                0x000000000000043c      0x780 zephyr/libzephyr.a(cbprintf_complete.c.obj)
                0x000000000000043c                cbvprintf
 .text.sys_notify_finalize
                0x0000000000000bbc       0x40 zephyr/libzephyr.a(notify.c.obj)
                0x0000000000000bbc                sys_notify_finalize
 .text.nrf_cc3xx_platform_abort_init
                0x0000000000000bfc        0xc zephyr/libzephyr.a(nrf_cc3xx_platform_abort_zephyr.c.obj)
                0x0000000000000bfc                nrf_cc3xx_platform_abort_init
 .text.mutex_unlock_platform
                0x0000000000000c08       0x4c zephyr/libzephyr.a(nrf_cc3xx_platform_mutex_zephyr.c.obj)
 .text.mutex_free_platform
                0x0000000000000c54       0x48 zephyr/libzephyr.a(nrf_cc3xx_platform_mutex_zephyr.c.obj)
 .text.mutex_init_platform
                0x0000000000000c9c       0x70 zephyr/libzephyr.a(nrf_cc3xx_platform_mutex_zephyr.c.obj)
 .text.mutex_lock_platform
                0x0000000000000d0c       0x58 zephyr/libzephyr.a(nrf_cc3xx_platform_mutex_zephyr.c.obj)
 .text.nrf_cc3xx_platform_mutex_init
                0x0000000000000d64       0x2c zephyr/libzephyr.a(nrf_cc3xx_platform_mutex_zephyr.c.obj)
                0x0000000000000d64                nrf_cc3xx_platform_mutex_init
 .text.process_event
                0x0000000000000d90      0x3f4 zephyr/libzephyr.a(onoff.c.obj)
 .text.transition_complete
                0x0000000000001184       0x64 zephyr/libzephyr.a(onoff.c.obj)
 .text.onoff_request
                0x00000000000011e8      0x130 zephyr/libzephyr.a(onoff.c.obj)
                0x00000000000011e8                onoff_request
 .text.pm_state_notify
                0x0000000000001318       0xb4 zephyr/libzephyr.a(power.c.obj)
 .text.pm_system_resume
                0x00000000000013cc       0x4c zephyr/libzephyr.a(power.c.obj)
                0x00000000000013cc                pm_system_resume
 .text.pm_system_suspend
                0x0000000000001418       0xb8 zephyr/libzephyr.a(power.c.obj)
                0x0000000000001418                pm_system_suspend
 .text.char_out
                0x00000000000014d0       0x10 zephyr/libzephyr.a(printk.c.obj)
 .text.__printk_hook_install
                0x00000000000014e0        0xc zephyr/libzephyr.a(printk.c.obj)
                0x00000000000014e0                __printk_hook_install
 .text.vprintk  0x00000000000014ec       0x1c zephyr/libzephyr.a(printk.c.obj)
                0x00000000000014ec                vprintk
 .text.sys_reboot
                0x0000000000001508       0x30 zephyr/libzephyr.a(reboot.c.obj)
                0x0000000000001508                sys_reboot
 .text.z_arm_cpu_idle_init
                0x0000000000001538        0xc zephyr/arch/arch/arm/core/aarch32/libarch__arm__core__aarch32.a(cpu_idle.S.obj)
                0x0000000000001538                z_arm_cpu_idle_init
 .text.arch_cpu_idle
                0x0000000000001544       0x1c zephyr/arch/arch/arm/core/aarch32/libarch__arm__core__aarch32.a(cpu_idle.S.obj)
                0x0000000000001544                arch_cpu_idle
 .text.arch_cpu_atomic_idle
                0x0000000000001560       0x14 zephyr/arch/arch/arm/core/aarch32/libarch__arm__core__aarch32.a(cpu_idle.S.obj)
                0x0000000000001560                arch_cpu_atomic_idle
 .text._isr_wrapper
                0x0000000000001574       0x40 zephyr/arch/arch/arm/core/aarch32/libarch__arm__core__aarch32.a(isr_wrapper.S.obj)
                0x0000000000001574                _isr_wrapper
 .text.z_SysNmiOnReset
                0x00000000000015b4        0x8 zephyr/arch/arch/arm/core/aarch32/libarch__arm__core__aarch32.a(nmi_on_reset.S.obj)
                0x00000000000015b4                z_SysNmiOnReset
 .text.z_arm_pendsv
                0x00000000000015bc       0x54 zephyr/arch/arch/arm/core/aarch32/libarch__arm__core__aarch32.a(swap_helper.S.obj)
                0x00000000000015bc                z_arm_pendsv
 .text.z_arm_svc
                0x0000000000001610       0x20 zephyr/arch/arch/arm/core/aarch32/libarch__arm__core__aarch32.a(swap_helper.S.obj)
                0x0000000000001610                z_arm_svc
 .text.arch_irq_enable
                0x0000000000001630       0x20 zephyr/arch/arch/arm/core/aarch32/libarch__arm__core__aarch32.a(irq_manage.c.obj)
                0x0000000000001630                arch_irq_enable
 .text.arch_irq_is_enabled
                0x0000000000001650       0x1c zephyr/arch/arch/arm/core/aarch32/libarch__arm__core__aarch32.a(irq_manage.c.obj)
                0x0000000000001650                arch_irq_is_enabled
 .text.z_arm_irq_priority_set
                0x000000000000166c       0x68 zephyr/arch/arch/arm/core/aarch32/libarch__arm__core__aarch32.a(irq_manage.c.obj)
                0x000000000000166c                z_arm_irq_priority_set
 .text.z_arm_prep_c
                0x00000000000016d4       0x38 zephyr/arch/arch/arm/core/aarch32/libarch__arm__core__aarch32.a(prep_c.c.obj)
                0x00000000000016d4                z_arm_prep_c
 .text.arch_swap
                0x000000000000170c       0x34 zephyr/arch/arch/arm/core/aarch32/libarch__arm__core__aarch32.a(swap.c.obj)
                0x000000000000170c                arch_swap
 .text.arch_new_thread
                0x0000000000001740       0x38 zephyr/arch/arch/arm/core/aarch32/libarch__arm__core__aarch32.a(thread.c.obj)
                0x0000000000001740                arch_new_thread
 .text.z_check_thread_stack_fail
                0x0000000000001778       0x34 zephyr/arch/arch/arm/core/aarch32/libarch__arm__core__aarch32.a(thread.c.obj)
                0x0000000000001778                z_check_thread_stack_fail
 .text.arch_switch_to_main_thread
                0x00000000000017ac       0x2c zephyr/arch/arch/arm/core/aarch32/libarch__arm__core__aarch32.a(thread.c.obj)
                0x00000000000017ac                arch_switch_to_main_thread
 .text._HandlerModeExit
                0x00000000000017d8       0x1c zephyr/arch/arch/arm/core/aarch32/cortex_m/libarch__arm__core__aarch32__cortex_m.a(exc_exit.S.obj)
                0x00000000000017d8                z_arm_exc_exit
                0x00000000000017d8                z_arm_int_exit
 .text.__fault  0x00000000000017f4       0x14 zephyr/arch/arch/arm/core/aarch32/cortex_m/libarch__arm__core__aarch32__cortex_m.a(fault_s.S.obj)
                0x00000000000017f4                z_arm_bus_fault
                0x00000000000017f4                z_arm_usage_fault
                0x00000000000017f4                z_arm_mpu_fault
                0x00000000000017f4                z_arm_exc_spurious
                0x00000000000017f4                z_arm_debug_monitor
                0x00000000000017f4                z_arm_hard_fault
 .text._reset_section
                0x0000000000001808       0x54 zephyr/arch/arch/arm/core/aarch32/cortex_m/libarch__arm__core__aarch32__cortex_m.a(reset.S.obj)
                0x0000000000001808                z_arm_reset
                0x0000000000001808                __start
 .text.mem_manage_fault
                0x000000000000185c       0xa4 zephyr/arch/arch/arm/core/aarch32/cortex_m/libarch__arm__core__aarch32__cortex_m.a(fault.c.obj)
 .text.bus_fault.isra.0
                0x0000000000001900       0x3c zephyr/arch/arch/arm/core/aarch32/cortex_m/libarch__arm__core__aarch32__cortex_m.a(fault.c.obj)
 .text.usage_fault.isra.0
                0x000000000000193c       0x24 zephyr/arch/arch/arm/core/aarch32/cortex_m/libarch__arm__core__aarch32__cortex_m.a(fault.c.obj)
 .text.z_arm_fault
                0x0000000000001960      0x17c zephyr/arch/arch/arm/core/aarch32/cortex_m/libarch__arm__core__aarch32__cortex_m.a(fault.c.obj)
                0x0000000000001960                z_arm_fault
 .text.z_arm_fault_init
                0x0000000000001adc       0x10 zephyr/arch/arch/arm/core/aarch32/cortex_m/libarch__arm__core__aarch32__cortex_m.a(fault.c.obj)
                0x0000000000001adc                z_arm_fault_init
 .text.z_arm_interrupt_init
                0x0000000000001aec       0x18 zephyr/arch/arch/arm/core/aarch32/cortex_m/libarch__arm__core__aarch32__cortex_m.a(irq_init.c.obj)
                0x0000000000001aec                z_arm_interrupt_init
 .text.z_arm_clear_arm_mpu_config
                0x0000000000001b04       0x20 zephyr/arch/arch/arm/core/aarch32/cortex_m/libarch__arm__core__aarch32__cortex_m.a(scb.c.obj)
                0x0000000000001b04                z_arm_clear_arm_mpu_config
 .text.z_arm_init_arch_hw_at_boot
                0x0000000000001b24       0x64 zephyr/arch/arch/arm/core/aarch32/cortex_m/libarch__arm__core__aarch32__cortex_m.a(scb.c.obj)
                0x0000000000001b24                z_arm_init_arch_hw_at_boot
 .text.z_impl_k_thread_abort
                0x0000000000001b88       0x24 zephyr/arch/arch/arm/core/aarch32/cortex_m/libarch__arm__core__aarch32__cortex_m.a(thread_abort.c.obj)
                0x0000000000001b88                z_impl_k_thread_abort
 .text.z_arm_configure_static_mpu_regions
                0x0000000000001bac       0x18 zephyr/arch/arch/arm/core/aarch32/mpu/libarch__arm__core__aarch32__mpu.a(arm_core_mpu.c.obj)
                0x0000000000001bac                z_arm_configure_static_mpu_regions
 .text.z_arm_configure_dynamic_mpu_regions
                0x0000000000001bc4       0x20 zephyr/arch/arch/arm/core/aarch32/mpu/libarch__arm__core__aarch32__mpu.a(arm_core_mpu.c.obj)
                0x0000000000001bc4                z_arm_configure_dynamic_mpu_regions
 .text.mpu_configure_regions
                0x0000000000001be4       0x80 zephyr/arch/arch/arm/core/aarch32/mpu/libarch__arm__core__aarch32__mpu.a(arm_mpu.c.obj)
 .text.arm_core_mpu_enable
                0x0000000000001c64       0x14 zephyr/arch/arch/arm/core/aarch32/mpu/libarch__arm__core__aarch32__mpu.a(arm_mpu.c.obj)
                0x0000000000001c64                arm_core_mpu_enable
 .text.arm_core_mpu_disable
                0x0000000000001c78       0x10 zephyr/arch/arch/arm/core/aarch32/mpu/libarch__arm__core__aarch32__mpu.a(arm_mpu.c.obj)
                0x0000000000001c78                arm_core_mpu_disable
 .text.arm_core_mpu_configure_static_mpu_regions
                0x0000000000001c88       0x50 zephyr/arch/arch/arm/core/aarch32/mpu/libarch__arm__core__aarch32__mpu.a(arm_mpu.c.obj)
                0x0000000000001c88                arm_core_mpu_configure_static_mpu_regions
 .text.arm_core_mpu_configure_dynamic_mpu_regions
                0x0000000000001cd8       0x64 zephyr/arch/arch/arm/core/aarch32/mpu/libarch__arm__core__aarch32__mpu.a(arm_mpu.c.obj)
                0x0000000000001cd8                arm_core_mpu_configure_dynamic_mpu_regions
 .text.z_arm_mpu_init
                0x0000000000001d3c       0xbc zephyr/arch/arch/arm/core/aarch32/mpu/libarch__arm__core__aarch32__mpu.a(arm_mpu.c.obj)
                0x0000000000001d3c                z_arm_mpu_init
 .text.__stdout_hook_install
                0x0000000000001df8        0xc zephyr/lib/libc/minimal/liblib__libc__minimal.a(stdout_console.c.obj)
                0x0000000000001df8                __stdout_hook_install
 .text.nordicsemi_nrf52_init
                0x0000000000001e04       0x30 zephyr/soc/arm/nordic_nrf/nrf52/libsoc__arm__nordic_nrf__nrf52.a(soc.c.obj)
 .text.sys_arch_reboot
                0x0000000000001e34       0x2c zephyr/soc/arm/nordic_nrf/nrf52/libsoc__arm__nordic_nrf__nrf52.a(soc.c.obj)
                0x0000000000001e34                sys_arch_reboot
 .text.arch_busy_wait
                0x0000000000001e60       0x14 zephyr/soc/arm/nordic_nrf/nrf52/libsoc__arm__nordic_nrf__nrf52.a(soc.c.obj)
                0x0000000000001e60                arch_busy_wait
 .text.onoff_start
                0x0000000000001e74       0x54 zephyr/drivers/clock_control/libdrivers__clock_control.a(clock_control_nrf.c.obj)
 .text.get_status
                0x0000000000001ec8       0x3c zephyr/drivers/clock_control/libdrivers__clock_control.a(clock_control_nrf.c.obj)
 .text.stop     0x0000000000001f04       0x7c zephyr/drivers/clock_control/libdrivers__clock_control.a(clock_control_nrf.c.obj)
 .text.onoff_stop
                0x0000000000001f80       0x28 zephyr/drivers/clock_control/libdrivers__clock_control.a(clock_control_nrf.c.obj)
 .text.clk_init
                0x0000000000001fa8       0x60 zephyr/drivers/clock_control/libdrivers__clock_control.a(clock_control_nrf.c.obj)
 .text.clkstarted_handle.constprop.0
                0x0000000000002008       0x34 zephyr/drivers/clock_control/libdrivers__clock_control.a(clock_control_nrf.c.obj)
 .text.clock_event_handler
                0x000000000000203c       0x60 zephyr/drivers/clock_control/libdrivers__clock_control.a(clock_control_nrf.c.obj)
 .text.generic_hfclk_start
                0x000000000000209c       0x64 zephyr/drivers/clock_control/libdrivers__clock_control.a(clock_control_nrf.c.obj)
 .text.generic_hfclk_stop
                0x0000000000002100       0x2c zephyr/drivers/clock_control/libdrivers__clock_control.a(clock_control_nrf.c.obj)
 .text.api_blocking_start
                0x000000000000212c       0x34 zephyr/drivers/clock_control/libdrivers__clock_control.a(clock_control_nrf.c.obj)
 .text.z_nrf_clock_control_lf_on
                0x0000000000002160      0x158 zephyr/drivers/clock_control/libdrivers__clock_control.a(clock_control_nrf.c.obj)
                0x0000000000002160                z_nrf_clock_control_lf_on
 .text.uart_console_init
                0x00000000000022b8       0x30 zephyr/drivers/console/libdrivers__console.a(uart_console.c.obj)
 .text.console_out
                0x00000000000022e8       0x28 zephyr/drivers/console/libdrivers__console.a(uart_console.c.obj)
 .text.gpio_nrfx_manage_callback
                0x0000000000002310       0xac zephyr/drivers/gpio/libdrivers__gpio.a(gpio_nrfx.c.obj)
 .text.gpio_fire_callbacks
                0x00000000000023bc       0x74 zephyr/drivers/gpio/libdrivers__gpio.a(gpio_nrfx.c.obj)
 .text.nrf_gpio_pin_port_decode
                0x0000000000002430       0x84 zephyr/drivers/gpio/libdrivers__gpio.a(gpio_nrfx.c.obj)
 .text.gpio_nrfx_init
                0x00000000000024b4       0x30 zephyr/drivers/gpio/libdrivers__gpio.a(gpio_nrfx.c.obj)
 .text.gpio_nrfx_pin_interrupt_configure
                0x00000000000024e4      0x1c0 zephyr/drivers/gpio/libdrivers__gpio.a(gpio_nrfx.c.obj)
 .text.gpio_nrfx_config
                0x00000000000026a4       0xc8 zephyr/drivers/gpio/libdrivers__gpio.a(gpio_nrfx.c.obj)
 .text.gpiote_event_handler
                0x000000000000276c       0xc0 zephyr/drivers/gpio/libdrivers__gpio.a(gpio_nrfx.c.obj)
 .text.uarte_nrfx_configure
                0x000000000000282c      0x16c zephyr/drivers/serial/libdrivers__serial.a(uart_nrfx_uarte.c.obj)
 .text.nrf_gpio_pin_port_decode
                0x0000000000002998       0x84 zephyr/drivers/serial/libdrivers__serial.a(uart_nrfx_uarte.c.obj)
 .text.uarte_nrfx_poll_out
                0x0000000000002a1c       0xc4 zephyr/drivers/serial/libdrivers__serial.a(uart_nrfx_uarte.c.obj)
 .text.uarte_instance_init.isra.0
                0x0000000000002ae0      0x178 zephyr/drivers/serial/libdrivers__serial.a(uart_nrfx_uarte.c.obj)
 .text.sys_clock_timeout_handler
                0x0000000000002c58       0x78 zephyr/drivers/timer/libdrivers__timer.a(nrf_rtc_timer.c.obj)
 .text.compare_int_lock
                0x0000000000002cd0       0x50 zephyr/drivers/timer/libdrivers__timer.a(nrf_rtc_timer.c.obj)
 .text.compare_int_unlock.part.0
                0x0000000000002d20       0x5c zephyr/drivers/timer/libdrivers__timer.a(nrf_rtc_timer.c.obj)
 .text.z_nrf_rtc_timer_read
                0x0000000000002d7c       0x44 zephyr/drivers/timer/libdrivers__timer.a(nrf_rtc_timer.c.obj)
                0x0000000000002d7c                z_nrf_rtc_timer_read
 .text.compare_set
                0x0000000000002dc0      0x154 zephyr/drivers/timer/libdrivers__timer.a(nrf_rtc_timer.c.obj)
 .text.rtc_nrf_isr
                0x0000000000002f14       0xf0 zephyr/drivers/timer/libdrivers__timer.a(nrf_rtc_timer.c.obj)
                0x0000000000002f14                rtc_nrf_isr
 .text.sys_clock_driver_init
                0x0000000000003004       0x88 zephyr/drivers/timer/libdrivers__timer.a(nrf_rtc_timer.c.obj)
                0x0000000000003004                sys_clock_driver_init
 .text.sys_clock_set_timeout
                0x000000000000308c       0x60 zephyr/drivers/timer/libdrivers__timer.a(nrf_rtc_timer.c.obj)
                0x000000000000308c                sys_clock_set_timeout
 .text.sys_clock_elapsed
                0x00000000000030ec       0x14 zephyr/drivers/timer/libdrivers__timer.a(nrf_rtc_timer.c.obj)
                0x00000000000030ec                sys_clock_elapsed
 .text.sys_clock_isr
                0x0000000000003100       0x28 zephyr/drivers/timer/libdrivers__timer.a(sys_clock_init.c.obj)
                0x0000000000003100                sys_clock_isr
 .text.nrf_clock_is_running.constprop.0
                0x0000000000003128       0x68 modules/hal_nordic/nrfx/libmodules__hal_nordic__nrfx.a(nrfx_clock.c.obj)
 .text.nrfx_clock_init
                0x0000000000003190       0x48 modules/hal_nordic/nrfx/libmodules__hal_nordic__nrfx.a(nrfx_clock.c.obj)
                0x0000000000003190                nrfx_clock_init
 .text.nrfx_clock_enable
                0x00000000000031d8       0x40 modules/hal_nordic/nrfx/libmodules__hal_nordic__nrfx.a(nrfx_clock.c.obj)
                0x00000000000031d8                nrfx_clock_enable
 .text.nrfx_clock_start
                0x0000000000003218       0xa8 modules/hal_nordic/nrfx/libmodules__hal_nordic__nrfx.a(nrfx_clock.c.obj)
                0x0000000000003218                nrfx_clock_start
 .text.nrfx_clock_stop
                0x00000000000032c0       0xdc modules/hal_nordic/nrfx/libmodules__hal_nordic__nrfx.a(nrfx_clock.c.obj)
                0x00000000000032c0                nrfx_clock_stop
 .text.nrfx_power_clock_irq_handler
                0x000000000000339c       0x68 modules/hal_nordic/nrfx/libmodules__hal_nordic__nrfx.a(nrfx_clock.c.obj)
                0x000000000000339c                nrfx_power_clock_irq_handler
 .text.nrfx_gpiote_channel_free
                0x0000000000003404       0x44 modules/hal_nordic/nrfx/libmodules__hal_nordic__nrfx.a(nrfx_gpiote.c.obj)
                0x0000000000003404                nrfx_gpiote_channel_free
 .text.nrfx_gpiote_channel_alloc
                0x0000000000003448       0x70 modules/hal_nordic/nrfx/libmodules__hal_nordic__nrfx.a(nrfx_gpiote.c.obj)
                0x0000000000003448                nrfx_gpiote_channel_alloc
 .text.nrfx_ppi_channel_alloc
                0x00000000000034b8       0x68 modules/hal_nordic/nrfx/libmodules__hal_nordic__nrfx.a(nrfx_ppi.c.obj)
                0x00000000000034b8                nrfx_ppi_channel_alloc
 .text.nrf52_errata_36
                0x0000000000003520       0x14 modules/hal_nordic/nrfx/libmodules__hal_nordic__nrfx.a(system_nrf52840.c.obj)
 .text.nrf52_errata_98
                0x0000000000003534       0x28 modules/hal_nordic/nrfx/libmodules__hal_nordic__nrfx.a(system_nrf52840.c.obj)
 .text.nvmc_wait
                0x000000000000355c       0x10 modules/hal_nordic/nrfx/libmodules__hal_nordic__nrfx.a(system_nrf52840.c.obj)
                0x000000000000355c                nvmc_wait
 .text.SystemInit
                0x000000000000356c      0x1d0 modules/hal_nordic/nrfx/libmodules__hal_nordic__nrfx.a(system_nrf52840.c.obj)
                0x000000000000356c                SystemInit
 .text._DoInit  0x000000000000373c       0x6c modules/segger/libmodules__segger.a(SEGGER_RTT.c.obj)
 .text.z_sys_init_run_level
                0x00000000000037a8       0x40 zephyr/kernel/libkernel.a(device.c.obj)
                0x00000000000037a8                z_sys_init_run_level
 .text.z_fatal_error
                0x00000000000037e8       0x64 zephyr/kernel/libkernel.a(fatal.c.obj)
                0x00000000000037e8                z_fatal_error
 .text.idle     0x000000000000384c       0x58 zephyr/kernel/libkernel.a(idle.c.obj)
                0x000000000000384c                idle
 .text.init_idle_thread
                0x00000000000038a4       0x58 zephyr/kernel/libkernel.a(init.c.obj)
 .text.bg_thread_main
                0x00000000000038fc       0x34 zephyr/kernel/libkernel.a(init.c.obj)
 .text.z_bss_zero
                0x0000000000003930       0x14 zephyr/kernel/libkernel.a(init.c.obj)
                0x0000000000003930                z_bss_zero
 .text.z_cstart
                0x0000000000003944       0xe4 zephyr/kernel/libkernel.a(init.c.obj)
                0x0000000000003944                z_cstart
 .text.init_mem_slab_module
                0x0000000000003a28       0x78 zephyr/kernel/libkernel.a(mem_slab.c.obj)
 .text.k_mem_slab_alloc
                0x0000000000003aa0       0xd8 zephyr/kernel/libkernel.a(mem_slab.c.obj)
                0x0000000000003aa0                k_mem_slab_alloc
 .text.k_mem_slab_free
                0x0000000000003b78       0xc8 zephyr/kernel/libkernel.a(mem_slab.c.obj)
                0x0000000000003b78                k_mem_slab_free
 .text.z_impl_k_mutex_lock
                0x0000000000003c40      0x200 zephyr/kernel/libkernel.a(mutex.c.obj)
                0x0000000000003c40                z_impl_k_mutex_lock
 .text.z_impl_k_mutex_unlock
                0x0000000000003e40      0x190 zephyr/kernel/libkernel.a(mutex.c.obj)
                0x0000000000003e40                z_impl_k_mutex_unlock
 .text.z_reset_time_slice
                0x0000000000003fd0       0x2c zephyr/kernel/libkernel.a(sched.c.obj)
                0x0000000000003fd0                z_reset_time_slice
 .text.k_sched_time_slice_set
                0x0000000000003ffc       0xcc zephyr/kernel/libkernel.a(sched.c.obj)
                0x0000000000003ffc                k_sched_time_slice_set
 .text.z_reschedule
                0x00000000000040c8       0x88 zephyr/kernel/libkernel.a(sched.c.obj)
                0x00000000000040c8                z_reschedule
 .text.k_sched_lock
                0x0000000000004150       0xe8 zephyr/kernel/libkernel.a(sched.c.obj)
                0x0000000000004150                k_sched_lock
 .text.z_priq_dumb_remove
                0x0000000000004238       0x44 zephyr/kernel/libkernel.a(sched.c.obj)
                0x0000000000004238                z_priq_dumb_remove
 .text.unpend_thread_no_timeout
                0x000000000000427c       0x44 zephyr/kernel/libkernel.a(sched.c.obj)
 .text.update_cache
                0x00000000000042c0       0x70 zephyr/kernel/libkernel.a(sched.c.obj)
 .text.move_thread_to_end_of_prio_q
                0x0000000000004330       0xac zephyr/kernel/libkernel.a(sched.c.obj)
 .text.z_time_slice
                0x00000000000043dc       0xf0 zephyr/kernel/libkernel.a(sched.c.obj)
                0x00000000000043dc                z_time_slice
 .text.ready_thread
                0x00000000000044cc       0xa4 zephyr/kernel/libkernel.a(sched.c.obj)
 .text.z_ready_thread
                0x0000000000004570       0x90 zephyr/kernel/libkernel.a(sched.c.obj)
                0x0000000000004570                z_ready_thread
 .text.z_sched_start
                0x0000000000004600       0xa8 zephyr/kernel/libkernel.a(sched.c.obj)
                0x0000000000004600                z_sched_start
 .text.z_thread_timeout
                0x00000000000046a8       0xb4 zephyr/kernel/libkernel.a(sched.c.obj)
                0x00000000000046a8                z_thread_timeout
 .text.unready_thread
                0x000000000000475c       0x38 zephyr/kernel/libkernel.a(sched.c.obj)
 .text.add_to_waitq_locked
                0x0000000000004794       0x84 zephyr/kernel/libkernel.a(sched.c.obj)
 .text.pend     0x0000000000004818       0xbc zephyr/kernel/libkernel.a(sched.c.obj)
 .text.z_pend_curr
                0x00000000000048d4       0x60 zephyr/kernel/libkernel.a(sched.c.obj)
                0x00000000000048d4                z_pend_curr
 .text.z_set_prio
                0x0000000000004934      0x138 zephyr/kernel/libkernel.a(sched.c.obj)
                0x0000000000004934                z_set_prio
 .text.z_impl_k_thread_suspend
                0x0000000000004a6c       0xd4 zephyr/kernel/libkernel.a(sched.c.obj)
                0x0000000000004a6c                z_impl_k_thread_suspend
 .text.k_sched_unlock
                0x0000000000004b40       0xf8 zephyr/kernel/libkernel.a(sched.c.obj)
                0x0000000000004b40                k_sched_unlock
 .text.z_unpend_first_thread
                0x0000000000004c38       0xa0 zephyr/kernel/libkernel.a(sched.c.obj)
                0x0000000000004c38                z_unpend_first_thread
 .text.z_sched_init
                0x0000000000004cd8       0x18 zephyr/kernel/libkernel.a(sched.c.obj)
                0x0000000000004cd8                z_sched_init
 .text.z_impl_k_yield
                0x0000000000004cf0      0x148 zephyr/kernel/libkernel.a(sched.c.obj)
                0x0000000000004cf0                z_impl_k_yield
 .text.z_tick_sleep
                0x0000000000004e38      0x15c zephyr/kernel/libkernel.a(sched.c.obj)
 .text.z_impl_k_sleep
                0x0000000000004f94       0x70 zephyr/kernel/libkernel.a(sched.c.obj)
                0x0000000000004f94                z_impl_k_sleep
 .text.z_impl_z_current_get
                0x0000000000005004        0xc zephyr/kernel/libkernel.a(sched.c.obj)
                0x0000000000005004                z_impl_z_current_get
 .text.z_thread_abort
                0x0000000000005010      0x168 zephyr/kernel/libkernel.a(sched.c.obj)
                0x0000000000005010                z_thread_abort
 .text.z_impl_k_sem_give
                0x0000000000005178       0x7c zephyr/kernel/libkernel.a(sem.c.obj)
                0x0000000000005178                z_impl_k_sem_give
 .text.z_impl_k_sem_take
                0x00000000000051f4      0x114 zephyr/kernel/libkernel.a(sem.c.obj)
                0x00000000000051f4                z_impl_k_sem_take
 .text.z_setup_new_thread
                0x0000000000005308       0xc8 zephyr/kernel/libkernel.a(thread.c.obj)
                0x0000000000005308                z_setup_new_thread
 .text.z_init_static_threads
                0x00000000000053d0      0x120 zephyr/kernel/libkernel.a(thread.c.obj)
                0x00000000000053d0                z_init_static_threads
 .text.z_spin_lock_valid
                0x00000000000054f0       0x1c zephyr/kernel/libkernel.a(thread.c.obj)
                0x00000000000054f0                z_spin_lock_valid
 .text.z_spin_unlock_valid
                0x000000000000550c       0x20 zephyr/kernel/libkernel.a(thread.c.obj)
                0x000000000000550c                z_spin_unlock_valid
 .text.z_spin_lock_set_owner
                0x000000000000552c       0x10 zephyr/kernel/libkernel.a(thread.c.obj)
                0x000000000000552c                z_spin_lock_set_owner
 .text.elapsed  0x000000000000553c       0x14 zephyr/kernel/libkernel.a(timeout.c.obj)
 .text.next_timeout
                0x0000000000005550       0x58 zephyr/kernel/libkernel.a(timeout.c.obj)
 .text.remove_timeout
                0x00000000000055a8       0x34 zephyr/kernel/libkernel.a(timeout.c.obj)
 .text.z_add_timeout
                0x00000000000055dc      0x1a8 zephyr/kernel/libkernel.a(timeout.c.obj)
                0x00000000000055dc                z_add_timeout
 .text.z_abort_timeout
                0x0000000000005784       0x9c zephyr/kernel/libkernel.a(timeout.c.obj)
                0x0000000000005784                z_abort_timeout
 .text.z_get_next_timeout_expiry
                0x0000000000005820       0x90 zephyr/kernel/libkernel.a(timeout.c.obj)
                0x0000000000005820                z_get_next_timeout_expiry
 .text.z_set_timeout_expiry
                0x00000000000058b0       0xa0 zephyr/kernel/libkernel.a(timeout.c.obj)
                0x00000000000058b0                z_set_timeout_expiry
 .text.sys_clock_announce
                0x0000000000005950      0x198 zephyr/kernel/libkernel.a(timeout.c.obj)
                0x0000000000005950                sys_clock_announce
 .text.sys_clock_tick_get
                0x0000000000005ae8       0xa0 zephyr/kernel/libkernel.a(timeout.c.obj)
                0x0000000000005ae8                sys_clock_tick_get
 .text.z_data_copy
                0x0000000000005b88       0x34 zephyr/kernel/libkernel.a(xip.c.obj)
                0x0000000000005b88                z_data_copy
 .text.boot_banner
                0x0000000000005bbc       0x18 zephyr/kernel/libkernel.a(banner.c.obj)
                0x0000000000005bbc                boot_banner
 .text.nrf_cc3xx_platform_init_no_rng
                0x0000000000005bd4       0x38 /home/pedreiras/Nordic/ncs/nrfxlib/crypto/nrf_cc310_platform/lib/cortex-m4/soft-float/no-interrupts/libnrf_cc310_platform_0.9.12.a(nrf_cc3xx_platform.c.obj)
                0x0000000000005bd4                nrf_cc3xx_platform_init_no_rng
 .text.nrf_cc3xx_platform_abort
                0x0000000000005c0c       0x24 /home/pedreiras/Nordic/ncs/nrfxlib/crypto/nrf_cc310_platform/lib/cortex-m4/soft-float/no-interrupts/libnrf_cc310_platform_0.9.12.a(nrf_cc3xx_platform_abort.c.obj)
 .text.CC_PalAbort
                0x0000000000005c30       0x40 /home/pedreiras/Nordic/ncs/nrfxlib/crypto/nrf_cc310_platform/lib/cortex-m4/soft-float/no-interrupts/libnrf_cc310_platform_0.9.12.a(nrf_cc3xx_platform_abort.c.obj)
                0x0000000000005c30                CC_PalAbort
 .text.nrf_cc3xx_platform_set_abort
                0x0000000000005c70       0x10 /home/pedreiras/Nordic/ncs/nrfxlib/crypto/nrf_cc310_platform/lib/cortex-m4/soft-float/no-interrupts/libnrf_cc310_platform_0.9.12.a(nrf_cc3xx_platform_abort.c.obj)
                0x0000000000005c70                nrf_cc3xx_platform_set_abort
 .text.mutex_free
                0x0000000000005c80       0x28 /home/pedreiras/Nordic/ncs/nrfxlib/crypto/nrf_cc310_platform/lib/cortex-m4/soft-float/no-interrupts/libnrf_cc310_platform_0.9.12.a(nrf_cc3xx_platform_mutex.c.obj)
 .text.mutex_unlock
                0x0000000000005ca8       0x2c /home/pedreiras/Nordic/ncs/nrfxlib/crypto/nrf_cc310_platform/lib/cortex-m4/soft-float/no-interrupts/libnrf_cc310_platform_0.9.12.a(nrf_cc3xx_platform_mutex.c.obj)
 .text.mutex_init
                0x0000000000005cd4       0x1c /home/pedreiras/Nordic/ncs/nrfxlib/crypto/nrf_cc310_platform/lib/cortex-m4/soft-float/no-interrupts/libnrf_cc310_platform_0.9.12.a(nrf_cc3xx_platform_mutex.c.obj)
 .text.mutex_lock
                0x0000000000005cf0       0x44 /home/pedreiras/Nordic/ncs/nrfxlib/crypto/nrf_cc310_platform/lib/cortex-m4/soft-float/no-interrupts/libnrf_cc310_platform_0.9.12.a(nrf_cc3xx_platform_mutex.c.obj)
 .text.nrf_cc3xx_platform_set_mutexes
                0x0000000000005d34       0x60 /home/pedreiras/Nordic/ncs/nrfxlib/crypto/nrf_cc310_platform/lib/cortex-m4/soft-float/no-interrupts/libnrf_cc310_platform_0.9.12.a(nrf_cc3xx_platform_mutex.c.obj)
                0x0000000000005d34                nrf_cc3xx_platform_set_mutexes
 .text.CC_LibInitNoRng
                0x0000000000005d94       0x6c /home/pedreiras/Nordic/ncs/nrfxlib/crypto/nrf_cc310_platform/lib/cortex-m4/soft-float/no-interrupts/libnrf_cc310_platform_0.9.12.a(cc_lib.c.obj)
                0x0000000000005d94                CC_LibInitNoRng
 .text.CC_HalInit
                0x0000000000005e00        0x4 /home/pedreiras/Nordic/ncs/nrfxlib/crypto/nrf_cc310_platform/lib/cortex-m4/soft-float/no-interrupts/libnrf_cc310_platform_0.9.12.a(cc_hal.c.obj)
                0x0000000000005e00                CC_HalInit
 .text.CC_HalTerminate
                0x0000000000005e04        0x4 /home/pedreiras/Nordic/ncs/nrfxlib/crypto/nrf_cc310_platform/lib/cortex-m4/soft-float/no-interrupts/libnrf_cc310_platform_0.9.12.a(cc_hal.c.obj)
                0x0000000000005e04                CC_HalTerminate
 .text.CC_HalMaskInterrupt
                0x0000000000005e08        0xc /home/pedreiras/Nordic/ncs/nrfxlib/crypto/nrf_cc310_platform/lib/cortex-m4/soft-float/no-interrupts/libnrf_cc310_platform_0.9.12.a(cc_hal.c.obj)
                0x0000000000005e08                CC_HalMaskInterrupt
 .text.CC_PalInit
                0x0000000000005e14       0x5c /home/pedreiras/Nordic/ncs/nrfxlib/crypto/nrf_cc310_platform/lib/cortex-m4/soft-float/no-interrupts/libnrf_cc310_platform_0.9.12.a(cc_pal.c.obj)
                0x0000000000005e14                CC_PalInit
 .text.CC_PalTerminate
                0x0000000000005e70       0x34 /home/pedreiras/Nordic/ncs/nrfxlib/crypto/nrf_cc310_platform/lib/cortex-m4/soft-float/no-interrupts/libnrf_cc310_platform_0.9.12.a(cc_pal.c.obj)
                0x0000000000005e70                CC_PalTerminate
 .text.CC_PalDmaInit
                0x0000000000005ea4        0x4 /home/pedreiras/Nordic/ncs/nrfxlib/crypto/nrf_cc310_platform/lib/cortex-m4/soft-float/no-interrupts/libnrf_cc310_platform_0.9.12.a(cc_pal_dma.c.obj)
                0x0000000000005ea4                CC_PalDmaInit
 .text.CC_PalDmaTerminate
                0x0000000000005ea8        0x4 /home/pedreiras/Nordic/ncs/nrfxlib/crypto/nrf_cc310_platform/lib/cortex-m4/soft-float/no-interrupts/libnrf_cc310_platform_0.9.12.a(cc_pal_dma.c.obj)
                0x0000000000005ea8                CC_PalDmaTerminate
 .text.CC_PalMutexCreate
                0x0000000000005eac       0x14 /home/pedreiras/Nordic/ncs/nrfxlib/crypto/nrf_cc310_platform/lib/cortex-m4/soft-float/no-interrupts/libnrf_cc310_platform_0.9.12.a(cc_pal_mutex.c.obj)
                0x0000000000005eac                CC_PalMutexCreate
 .text.CC_PalMutexDestroy
                0x0000000000005ec0       0x14 /home/pedreiras/Nordic/ncs/nrfxlib/crypto/nrf_cc310_platform/lib/cortex-m4/soft-float/no-interrupts/libnrf_cc310_platform_0.9.12.a(cc_pal_mutex.c.obj)
                0x0000000000005ec0                CC_PalMutexDestroy
 .text.CC_PalPowerSaveModeInit
                0x0000000000005ed4       0x3c /home/pedreiras/Nordic/ncs/nrfxlib/crypto/nrf_cc310_platform/lib/cortex-m4/soft-float/no-interrupts/libnrf_cc310_platform_0.9.12.a(cc_pal_pm.c.obj)
                0x0000000000005ed4                CC_PalPowerSaveModeInit
 .text.CC_PalPowerSaveModeSelect
                0x0000000000005f10       0x84 /home/pedreiras/Nordic/ncs/nrfxlib/crypto/nrf_cc310_platform/lib/cortex-m4/soft-float/no-interrupts/libnrf_cc310_platform_0.9.12.a(cc_pal_pm.c.obj)
                0x0000000000005f10                CC_PalPowerSaveModeSelect
 .text.MyAdd    0x0000000000005f94        0x4 app/libapp.a(MyMath.c.obj)
                0x0000000000005f94                MyAdd
 .text.assert_post_action
                0x0000000000005f98        0xe zephyr/libzephyr.a(assert.c.obj)
                0x0000000000005f98                assert_post_action
 .text.encode_uint
                0x0000000000005fa6       0x96 zephyr/libzephyr.a(cbprintf_complete.c.obj)
 .text.outs     0x000000000000603c       0x2c zephyr/libzephyr.a(cbprintf_complete.c.obj)
 .text._ConfigAbsSyms
                0x0000000000006068        0x2 zephyr/libzephyr.a(configs.c.obj)
                0x0000000000006068                _ConfigAbsSyms
 .text.sys_notify_validate
                0x000000000000606a       0x22 zephyr/libzephyr.a(notify.c.obj)
                0x000000000000606a                sys_notify_validate
 .text.abort_function
                0x000000000000608c        0x8 zephyr/libzephyr.a(nrf_cc3xx_platform_abort_zephyr.c.obj)
 .text.process_recheck
                0x0000000000006094       0x38 zephyr/libzephyr.a(onoff.c.obj)
 .text.notify_one
                0x00000000000060cc       0x2c zephyr/libzephyr.a(onoff.c.obj)
 .text.validate_args
                0x00000000000060f8       0x1e zephyr/libzephyr.a(onoff.c.obj)
 .text.onoff_manager_init
                0x0000000000006116       0x26 zephyr/libzephyr.a(onoff.c.obj)
                0x0000000000006116                onoff_manager_init
 .text.pm_policy_next_state
                0x000000000000613c        0xa zephyr/libzephyr.a(policy_residency.c.obj)
                0x000000000000613c                pm_policy_next_state
 .text.arch_printk_char_out
                0x0000000000006146        0x4 zephyr/libzephyr.a(printk.c.obj)
                0x0000000000006146                arch_printk_char_out
 .text.printk   0x000000000000614a       0x1a zephyr/libzephyr.a(printk.c.obj)
                0x000000000000614a                printk
 .text.z_thread_entry
                0x0000000000006164       0x14 zephyr/libzephyr.a(thread_entry.c.obj)
                0x0000000000006164                z_thread_entry
 .text.z_arm_fatal_error
                0x0000000000006178        0x4 zephyr/arch/arch/arm/core/aarch32/libarch__arm__core__aarch32.a(fatal.c.obj)
                0x0000000000006178                z_arm_fatal_error
 .text.z_do_kernel_oops
                0x000000000000617c        0x8 zephyr/arch/arch/arm/core/aarch32/libarch__arm__core__aarch32.a(fatal.c.obj)
                0x000000000000617c                z_do_kernel_oops
 .text.z_irq_spurious
                0x0000000000006184        0x8 zephyr/arch/arch/arm/core/aarch32/libarch__arm__core__aarch32.a(irq_manage.c.obj)
                0x0000000000006184                z_irq_spurious
 .text.z_arm_nmi
                0x000000000000618c        0xe zephyr/arch/arch/arm/core/aarch32/libarch__arm__core__aarch32.a(nmi.c.obj)
                0x000000000000618c                z_arm_nmi
 .text._stdout_hook_default
                0x000000000000619a        0x6 zephyr/lib/libc/minimal/liblib__libc__minimal.a(stdout_console.c.obj)
 .text.strcpy   0x00000000000061a0       0x14 zephyr/lib/libc/minimal/liblib__libc__minimal.a(string.c.obj)
                0x00000000000061a0                strcpy
 .text.strlen   0x00000000000061b4        0xe zephyr/lib/libc/minimal/liblib__libc__minimal.a(string.c.obj)
                0x00000000000061b4                strlen
 .text.strnlen  0x00000000000061c2       0x12 zephyr/lib/libc/minimal/liblib__libc__minimal.a(string.c.obj)
                0x00000000000061c2                strnlen
 .text.memcpy   0x00000000000061d4       0x16 zephyr/lib/libc/minimal/liblib__libc__minimal.a(string.c.obj)
                0x00000000000061d4                memcpy
 .text.memset   0x00000000000061ea       0x12 zephyr/lib/libc/minimal/liblib__libc__minimal.a(string.c.obj)
                0x00000000000061ea                memset
 .text.pm_power_state_set
                0x00000000000061fc       0x26 zephyr/soc/arm/nordic_nrf/nrf52/libsoc__arm__nordic_nrf__nrf52.a(power.c.obj)
                0x00000000000061fc                pm_power_state_set
 .text.pm_power_state_exit_post_ops
                0x0000000000006222       0x16 zephyr/soc/arm/nordic_nrf/nrf52/libsoc__arm__nordic_nrf__nrf52.a(power.c.obj)
                0x0000000000006222                pm_power_state_exit_post_ops
 .text.set_starting_state
                0x0000000000006238       0x3c zephyr/drivers/clock_control/libdrivers__clock_control.a(clock_control_nrf.c.obj)
 .text.set_on_state
                0x0000000000006274       0x26 zephyr/drivers/clock_control/libdrivers__clock_control.a(clock_control_nrf.c.obj)
 .text.onoff_started_callback
                0x000000000000629a        0xc zephyr/drivers/clock_control/libdrivers__clock_control.a(clock_control_nrf.c.obj)
 .text.lfclk_start
                0x00000000000062a6        0x6 zephyr/drivers/clock_control/libdrivers__clock_control.a(clock_control_nrf.c.obj)
 .text.lfclk_stop
                0x00000000000062ac        0x6 zephyr/drivers/clock_control/libdrivers__clock_control.a(clock_control_nrf.c.obj)
 .text.api_stop
                0x00000000000062b2        0x6 zephyr/drivers/clock_control/libdrivers__clock_control.a(clock_control_nrf.c.obj)
 .text.blocking_start_callback
                0x00000000000062b8        0x6 zephyr/drivers/clock_control/libdrivers__clock_control.a(clock_control_nrf.c.obj)
 .text.api_start
                0x00000000000062be       0x36 zephyr/drivers/clock_control/libdrivers__clock_control.a(clock_control_nrf.c.obj)
 .text.gpio_nrfx_port_get_raw
                0x00000000000062f4        0xe zephyr/drivers/gpio/libdrivers__gpio.a(gpio_nrfx.c.obj)
 .text.gpio_nrfx_port_set_masked_raw
                0x0000000000006302       0x16 zephyr/drivers/gpio/libdrivers__gpio.a(gpio_nrfx.c.obj)
 .text.gpio_nrfx_port_set_bits_raw
                0x0000000000006318        0xc zephyr/drivers/gpio/libdrivers__gpio.a(gpio_nrfx.c.obj)
 .text.gpio_nrfx_port_clear_bits_raw
                0x0000000000006324        0xc zephyr/drivers/gpio/libdrivers__gpio.a(gpio_nrfx.c.obj)
 .text.gpio_nrfx_port_toggle_bits
                0x0000000000006330       0x12 zephyr/drivers/gpio/libdrivers__gpio.a(gpio_nrfx.c.obj)
 .text.nrf_gpio_cfg_sense_set
                0x0000000000006342       0x26 zephyr/drivers/gpio/libdrivers__gpio.a(gpio_nrfx.c.obj)
 .text.check_level_trigger_pins
                0x0000000000006368       0x88 zephyr/drivers/gpio/libdrivers__gpio.a(gpio_nrfx.c.obj)
 .text.cfg_level_pins
                0x00000000000063f0       0x4c zephyr/drivers/gpio/libdrivers__gpio.a(gpio_nrfx.c.obj)
 .text.uarte_nrfx_isr_int
                0x000000000000643c       0x74 zephyr/drivers/serial/libdrivers__serial.a(uart_nrfx_uarte.c.obj)
 .text.uarte_nrfx_config_get
                0x00000000000064b0       0x10 zephyr/drivers/serial/libdrivers__serial.a(uart_nrfx_uarte.c.obj)
 .text.uarte_nrfx_err_check
                0x00000000000064c0        0xe zephyr/drivers/serial/libdrivers__serial.a(uart_nrfx_uarte.c.obj)
 .text.is_tx_ready
                0x00000000000064ce       0x20 zephyr/drivers/serial/libdrivers__serial.a(uart_nrfx_uarte.c.obj)
 .text.uarte_nrfx_poll_in
                0x00000000000064ee       0x26 zephyr/drivers/serial/libdrivers__serial.a(uart_nrfx_uarte.c.obj)
 .text.uarte_0_init
                0x0000000000006514       0x1e zephyr/drivers/serial/libdrivers__serial.a(uart_nrfx_uarte.c.obj)
 .text.uarte_1_init
                0x0000000000006532       0x1e zephyr/drivers/serial/libdrivers__serial.a(uart_nrfx_uarte.c.obj)
 .text.sys_clock_idle_exit
                0x0000000000006550        0x2 zephyr/drivers/timer/libdrivers__timer.a(sys_clock_init.c.obj)
                0x0000000000006550                sys_clock_idle_exit
 .text.sys_clock_disable
                0x0000000000006552        0x2 zephyr/drivers/timer/libdrivers__timer.a(sys_clock_init.c.obj)
                0x0000000000006552                sys_clock_disable
 .text.k_sys_fatal_error_handler
                0x0000000000006554        0x8 modules/nrf/lib/fatal_error/lib..__nrf__lib__fatal_error.a(fatal_error.c.obj)
                0x0000000000006554                k_sys_fatal_error_handler
 .text.hw_cc3xx_init_internal
                0x000000000000655c        0x4 modules/nrf/drivers/hw_cc310/lib..__nrf__drivers__hw_cc310.a(hw_cc310.c.obj)
 .text.hw_cc3xx_init
                0x0000000000006560       0x12 modules/nrf/drivers/hw_cc310/lib..__nrf__drivers__hw_cc310.a(hw_cc310.c.obj)
 .text.nrfx_isr
                0x0000000000006572        0x2 modules/hal_nordic/nrfx/libmodules__hal_nordic__nrfx.a(nrfx_glue.c.obj)
                0x0000000000006572                nrfx_isr
 .text.nrfx_busy_wait
                0x0000000000006574        0x4 modules/hal_nordic/nrfx/libmodules__hal_nordic__nrfx.a(nrfx_glue.c.obj)
                0x0000000000006574                nrfx_busy_wait
 .text.SEGGER_RTT_Init
                0x0000000000006578        0x4 modules/segger/libmodules__segger.a(SEGGER_RTT.c.obj)
                0x0000000000006578                SEGGER_RTT_Init
 .text.rtt_init
                0x000000000000657c        0xa modules/segger/libmodules__segger.a(SEGGER_RTT_zephyr.c.obj)
 .text.z_device_state_init
                0x0000000000006586        0x2 zephyr/kernel/libkernel.a(device.c.obj)
                0x0000000000006586                z_device_state_init
 .text.z_device_ready
                0x0000000000006588       0x14 zephyr/kernel/libkernel.a(device.c.obj)
                0x0000000000006588                z_device_ready
 .text.z_pm_save_idle_exit
                0x000000000000659c        0xe zephyr/kernel/libkernel.a(idle.c.obj)
                0x000000000000659c                z_pm_save_idle_exit
 .text.k_mem_slab_init
                0x00000000000065aa       0x38 zephyr/kernel/libkernel.a(mem_slab.c.obj)
                0x00000000000065aa                k_mem_slab_init
 .text.z_impl_k_mutex_init
                0x00000000000065e2        0xe zephyr/kernel/libkernel.a(mutex.c.obj)
                0x00000000000065e2                z_impl_k_mutex_init
 .text.z_reschedule_irqlock
                0x00000000000065f0       0x18 zephyr/kernel/libkernel.a(sched.c.obj)
                0x00000000000065f0                z_reschedule_irqlock
 .text.z_reschedule_unlocked
                0x0000000000006608       0x14 zephyr/kernel/libkernel.a(sched.c.obj)
 .text.z_priq_dumb_best
                0x000000000000661c       0x14 zephyr/kernel/libkernel.a(sched.c.obj)
                0x000000000000661c                z_priq_dumb_best
 .text.k_is_in_isr
                0x0000000000006630        0xc zephyr/kernel/libkernel.a(thread.c.obj)
                0x0000000000006630                k_is_in_isr
 .text.sys_clock_tick_get_32
                0x000000000000663c        0x8 zephyr/kernel/libkernel.a(timeout.c.obj)
                0x000000000000663c                sys_clock_tick_get_32
 .text.z_impl_k_busy_wait
                0x0000000000006644        0x8 zephyr/kernel/libkernel.a(timeout.c.obj)
                0x0000000000006644                z_impl_k_busy_wait
 .text._OffsetAbsSyms
                0x000000000000664c        0x2 zephyr/CMakeFiles/offsets.dir/./arch/arm/core/offsets/offsets.c.obj
                0x000000000000664c                _OffsetAbsSyms
 *(SORT_BY_ALIGNMENT(.TEXT.*))
 *fill*         0x000000000000664e        0x2 
 .TEXT.z_arm_platform_init
                0x0000000000006650        0x4 zephyr/libzephyr.a(soc_nrf_common.S.obj)
                0x0000000000006650                z_arm_platform_init
 *(SORT_BY_ALIGNMENT(.gnu.linkonce.t.*))
 *(SORT_BY_ALIGNMENT(.glue_7t))
 .glue_7t       0x0000000000006654        0x0 linker stubs
 *(SORT_BY_ALIGNMENT(.glue_7))
 .glue_7        0x0000000000006654        0x0 linker stubs
 *(SORT_BY_ALIGNMENT(.vfp11_veneer))
 .vfp11_veneer  0x0000000000006654        0x0 linker stubs
 *(SORT_BY_ALIGNMENT(.v4_bx))
 .v4_bx         0x0000000000006654        0x0 linker stubs
                0x0000000000006654                __text_region_end = .

.ARM.exidx      0x0000000000006654        0x8
                0x0000000000006654                __exidx_start = .
 *(SORT_BY_ALIGNMENT(.ARM.exidx*) SORT_BY_ALIGNMENT(gnu.linkonce.armexidx.*))
 .ARM.exidx     0x0000000000006654        0x8 /opt/gnuarmemb/bin/../lib/gcc/arm-none-eabi/9.2.1/thumb/v7e-m/nofp/libgcc.a(_udivmoddi4.o)
                0x000000000000665c                __exidx_end = .
                0x000000000000665c                __rodata_region_start = .

initlevel       0x000000000000665c       0x60
                0x000000000000665c                __init_start = .
                0x000000000000665c                __init_PRE_KERNEL_1_start = .
 *(SORT_BY_NAME(SORT_BY_ALIGNMENT(.z_init_PRE_KERNEL_1[0-9]_*)))
 .z_init_PRE_KERNEL_10_
                0x000000000000665c        0x8 zephyr/soc/arm/nordic_nrf/nrf52/libsoc__arm__nordic_nrf__nrf52.a(soc.c.obj)
 *(SORT_BY_NAME(SORT_BY_ALIGNMENT(.z_init_PRE_KERNEL_1[1-9][0-9]_*)))
 .z_init_PRE_KERNEL_130_
                0x0000000000006664        0x8 modules/segger/libmodules__segger.a(SEGGER_RTT_zephyr.c.obj)
 .z_init_PRE_KERNEL_130_
                0x000000000000666c        0x8 zephyr/kernel/libkernel.a(mem_slab.c.obj)
 .z_init_PRE_KERNEL_140_
                0x0000000000006674        0x8 modules/nrf/drivers/hw_cc310/lib..__nrf__drivers__hw_cc310.a(hw_cc310.c.obj)
 .z_init_PRE_KERNEL_150_
                0x000000000000667c        0x8 zephyr/drivers/clock_control/libdrivers__clock_control.a(clock_control_nrf.c.obj)
 .z_init_PRE_KERNEL_150_
                0x0000000000006684       0x10 zephyr/drivers/serial/libdrivers__serial.a(uart_nrfx_uarte.c.obj)
 .z_init_PRE_KERNEL_160_
                0x0000000000006694        0x8 zephyr/drivers/console/libdrivers__console.a(uart_console.c.obj)
                0x000000000000669c                __init_PRE_KERNEL_2_start = .
 *(SORT_BY_NAME(SORT_BY_ALIGNMENT(.z_init_PRE_KERNEL_2[0-9]_*)))
 .z_init_PRE_KERNEL_20_
                0x000000000000669c        0x8 zephyr/drivers/timer/libdrivers__timer.a(sys_clock_init.c.obj)
 *(SORT_BY_NAME(SORT_BY_ALIGNMENT(.z_init_PRE_KERNEL_2[1-9][0-9]_*)))
                0x00000000000066a4                __init_POST_KERNEL_start = .
 *(SORT_BY_NAME(SORT_BY_ALIGNMENT(.z_init_POST_KERNEL[0-9]_*)))
 *(SORT_BY_NAME(SORT_BY_ALIGNMENT(.z_init_POST_KERNEL[1-9][0-9]_*)))
 .z_init_POST_KERNEL40_
                0x00000000000066a4       0x10 zephyr/drivers/gpio/libdrivers__gpio.a(gpio_nrfx.c.obj)
 .z_init_POST_KERNEL40_
                0x00000000000066b4        0x8 modules/nrf/drivers/hw_cc310/lib..__nrf__drivers__hw_cc310.a(hw_cc310.c.obj)
                0x00000000000066bc                __init_APPLICATION_start = .
 *(SORT_BY_NAME(SORT_BY_ALIGNMENT(.z_init_APPLICATION[0-9]_*)))
 *(SORT_BY_NAME(SORT_BY_ALIGNMENT(.z_init_APPLICATION[1-9][0-9]_*)))
                0x00000000000066bc                __init_SMP_start = .
 *(SORT_BY_NAME(SORT_BY_ALIGNMENT(.z_init_SMP[0-9]_*)))
 *(SORT_BY_NAME(SORT_BY_ALIGNMENT(.z_init_SMP[1-9][0-9]_*)))
                0x00000000000066bc                __init_end = .

devices         0x00000000000066bc       0x90
                0x00000000000066bc                __device_start = .
                0x00000000000066bc                __device_PRE_KERNEL_1_start = .
 *(SORT_BY_NAME(SORT_BY_ALIGNMENT(.z_device_PRE_KERNEL_1[0-9]_*)))
 *(SORT_BY_NAME(SORT_BY_ALIGNMENT(.z_device_PRE_KERNEL_1[1-9][0-9]_*)))
 .z_device_PRE_KERNEL_150_
                0x00000000000066bc       0x18 zephyr/drivers/clock_control/libdrivers__clock_control.a(clock_control_nrf.c.obj)
                0x00000000000066bc                __device_dts_ord_26
 .z_device_PRE_KERNEL_150_
                0x00000000000066d4       0x30 zephyr/drivers/serial/libdrivers__serial.a(uart_nrfx_uarte.c.obj)
                0x00000000000066d4                __device_dts_ord_62
                0x00000000000066ec                __device_dts_ord_61
                0x0000000000006704                __device_PRE_KERNEL_2_start = .
 *(SORT_BY_NAME(SORT_BY_ALIGNMENT(.z_device_PRE_KERNEL_2[0-9]_*)))
 .z_device_PRE_KERNEL_20_
                0x0000000000006704       0x18 zephyr/drivers/timer/libdrivers__timer.a(sys_clock_init.c.obj)
 *(SORT_BY_NAME(SORT_BY_ALIGNMENT(.z_device_PRE_KERNEL_2[1-9][0-9]_*)))
                0x000000000000671c                __device_POST_KERNEL_start = .
 *(SORT_BY_NAME(SORT_BY_ALIGNMENT(.z_device_POST_KERNEL[0-9]_*)))
 *(SORT_BY_NAME(SORT_BY_ALIGNMENT(.z_device_POST_KERNEL[1-9][0-9]_*)))
 .z_device_POST_KERNEL40_
                0x000000000000671c       0x30 zephyr/drivers/gpio/libdrivers__gpio.a(gpio_nrfx.c.obj)
                0x000000000000671c                __device_dts_ord_10
                0x0000000000006734                __device_dts_ord_53
                0x000000000000674c                __device_APPLICATION_start = .
 *(SORT_BY_NAME(SORT_BY_ALIGNMENT(.z_device_APPLICATION[0-9]_*)))
 *(SORT_BY_NAME(SORT_BY_ALIGNMENT(.z_device_APPLICATION[1-9][0-9]_*)))
                0x000000000000674c                __device_SMP_start = .
 *(SORT_BY_NAME(SORT_BY_ALIGNMENT(.z_device_SMP[0-9]_*)))
 *(SORT_BY_NAME(SORT_BY_ALIGNMENT(.z_device_SMP[1-9][0-9]_*)))
                0x000000000000674c                __device_end = .

sw_isr_table    0x000000000000674c      0x180
                0x000000000000674c                . = ALIGN (0x0)
 *(SORT_BY_ALIGNMENT(.gnu.linkonce.sw_isr_table*))
 .gnu.linkonce.sw_isr_table
                0x000000000000674c      0x180 zephyr/CMakeFiles/zephyr_final.dir/isr_tables.c.obj
                0x000000000000674c                _sw_isr_table

initlevel_error
                0x000000000000665c        0x0
 *(SORT_BY_NAME(SORT_BY_ALIGNMENT(.z_init_[_A-Z0-9]*)))
                0x0000000000000001                ASSERT ((SIZEOF (initlevel_error) == 0x0), Undefined initialization levels used.)

app_shmem_regions
                0x00000000000068cc        0x0
                0x00000000000068cc                __app_shmem_regions_start = .
 *(SORT_BY_NAME(SORT_BY_ALIGNMENT(.app_regions.*)))
                0x00000000000068cc                __app_shmem_regions_end = .

bt_l2cap_fixed_chan_area
                0x00000000000068cc        0x0
                0x00000000000068cc                _bt_l2cap_fixed_chan_list_start = .
 *(SORT_BY_NAME(SORT_BY_ALIGNMENT(._bt_l2cap_fixed_chan.static.*)))
                0x00000000000068cc                _bt_l2cap_fixed_chan_list_end = .

bt_gatt_service_static_area
                0x00000000000068cc        0x0
                0x00000000000068cc                _bt_gatt_service_static_list_start = .
 *(SORT_BY_NAME(SORT_BY_ALIGNMENT(._bt_gatt_service_static.static.*)))
                0x00000000000068cc                _bt_gatt_service_static_list_end = .

k_p4wq_initparam_area
                0x00000000000068cc        0x0
                0x00000000000068cc                _k_p4wq_initparam_list_start = .
 *(SORT_BY_NAME(SORT_BY_ALIGNMENT(._k_p4wq_initparam.static.*)))
                0x00000000000068cc                _k_p4wq_initparam_list_end = .

log_strings_sections
                0x00000000000068cc        0x0
                0x00000000000068cc                __log_strings_start = .
 *(SORT_BY_NAME(SORT_BY_ALIGNMENT(.log_strings*)))
                0x00000000000068cc                __log_strings_end = .

log_const_sections
                0x00000000000068cc        0x0
                0x00000000000068cc                __log_const_start = .
 *(SORT_BY_NAME(SORT_BY_ALIGNMENT(.log_const_*)))
                0x00000000000068cc                __log_const_end = .

log_backends_sections
                0x00000000000068cc        0x0
                0x00000000000068cc                __log_backends_start = .
 *(SORT_BY_ALIGNMENT(._log_backend.*))
                0x00000000000068cc                __log_backends_end = .

shell_area      0x00000000000068cc        0x0
                0x00000000000068cc                _shell_list_start = .
 *(SORT_BY_NAME(SORT_BY_ALIGNMENT(._shell.static.*)))
                0x00000000000068cc                _shell_list_end = .

shell_root_cmds_sections
                0x00000000000068cc        0x0
                0x00000000000068cc                __shell_root_cmds_start = .
 *(SORT_BY_NAME(SORT_BY_ALIGNMENT(.shell_root_cmd_*)))
                0x00000000000068cc                __shell_root_cmds_end = .

font_entry_sections
                0x00000000000068cc        0x0
                0x00000000000068cc                __font_entry_start = .
 *(SORT_BY_NAME(SORT_BY_ALIGNMENT(._cfb_font.*)))
                0x00000000000068cc                __font_entry_end = .

tracing_backend_area
                0x00000000000068cc        0x0
                0x00000000000068cc                _tracing_backend_list_start = .
 *(SORT_BY_NAME(SORT_BY_ALIGNMENT(._tracing_backend.static.*)))
                0x00000000000068cc                _tracing_backend_list_end = .

zephyr_dbg_info
 *(SORT_BY_ALIGNMENT(.dbg_thread_info))

device_handles  0x00000000000068cc       0x28
                0x00000000000068cc                __device_handles_start = .
 *(SORT_BY_NAME(SORT_BY_ALIGNMENT(.__device_handles_pass2*)))
 .__device_handles_pass2
                0x00000000000068cc       0x28 zephyr/CMakeFiles/zephyr_final.dir/dev_handles.c.obj
                0x00000000000068cc                __devicehdl_DT_N_S_soc_S_gpio_50000300
                0x00000000000068d2                __devicehdl_DT_N_S_soc_S_gpio_50000000
                0x00000000000068d8                __devicehdl_sys_init_sys_clock_driver_init0
                0x00000000000068dc                __devicehdl_DT_N_S_soc_S_uart_40002000
                0x00000000000068e4                __devicehdl_DT_N_S_soc_S_uart_40028000
                0x00000000000068ec                __devicehdl_DT_N_S_soc_S_clock_40000000
                0x00000000000068f4                __device_handles_end = .

rodata          0x0000000000006900      0xf38
 *(SORT_BY_ALIGNMENT(.rodata))
 *(SORT_BY_ALIGNMENT(.rodata.*))
 .rodata.delay_machine_code.12239
                0x0000000000006900        0x6 zephyr/soc/arm/nordic_nrf/nrf52/libsoc__arm__nordic_nrf__nrf52.a(soc.c.obj)
 *fill*         0x0000000000006906        0x2 
 .rodata.apis   0x0000000000006908        0x8 zephyr/libzephyr.a(nrf_cc3xx_platform_abort_zephyr.c.obj)
 .rodata.mutex_apis
                0x0000000000006910       0x10 zephyr/libzephyr.a(nrf_cc3xx_platform_mutex_zephyr.c.obj)
 .rodata.mutexes
                0x0000000000006920       0x14 zephyr/libzephyr.a(nrf_cc3xx_platform_mutex_zephyr.c.obj)
 .rodata.static_regions
                0x0000000000006934        0xc zephyr/arch/arch/arm/core/aarch32/mpu/libarch__arm__core__aarch32__mpu.a(arm_core_mpu.c.obj)
 .rodata.mpu_config
                0x0000000000006940        0x8 zephyr/soc/arm/common/cortex_m/libsoc__arm__common__cortex_m.a(arm_mpu_regions.c.obj)
                0x0000000000006940                mpu_config
 .rodata.mpu_regions
                0x0000000000006948       0x18 zephyr/soc/arm/common/cortex_m/libsoc__arm__common__cortex_m.a(arm_mpu_regions.c.obj)
 .rodata.clock_control_api
                0x0000000000006960       0x14 zephyr/drivers/clock_control/libdrivers__clock_control.a(clock_control_nrf.c.obj)
 .rodata.config
                0x0000000000006974       0x10 zephyr/drivers/clock_control/libdrivers__clock_control.a(clock_control_nrf.c.obj)
 .rodata.transitions.11163
                0x0000000000006984        0xc zephyr/drivers/clock_control/libdrivers__clock_control.a(clock_control_nrf.c.obj)
 .rodata.gpio_nrfx_drv_api_funcs
                0x0000000000006990       0x24 zephyr/drivers/gpio/libdrivers__gpio.a(gpio_nrfx.c.obj)
 .rodata.gpio_nrfx_p0_cfg
                0x00000000000069b4        0xc zephyr/drivers/gpio/libdrivers__gpio.a(gpio_nrfx.c.obj)
 .rodata.gpio_nrfx_p1_cfg
                0x00000000000069c0        0xc zephyr/drivers/gpio/libdrivers__gpio.a(gpio_nrfx.c.obj)
 .rodata.uart_nrfx_uarte_driver_api
                0x00000000000069cc       0x14 zephyr/drivers/serial/libdrivers__serial.a(uart_nrfx_uarte.c.obj)
 .rodata.uarte_0z_config
                0x00000000000069e0       0x1c zephyr/drivers/serial/libdrivers__serial.a(uart_nrfx_uarte.c.obj)
 .rodata.uarte_1z_config
                0x00000000000069fc       0x1c zephyr/drivers/serial/libdrivers__serial.a(uart_nrfx_uarte.c.obj)
 .rodata.levels.9390
                0x0000000000006a18       0x14 zephyr/kernel/libkernel.a(device.c.obj)
 .rodata._k_neg_eagain
                0x0000000000006a2c        0x4 zephyr/kernel/libkernel.a(errno.c.obj)
                0x0000000000006a2c                _k_neg_eagain
 .rodata.CSWTCH.8
                0x0000000000006a30       0x1c /home/pedreiras/Nordic/ncs/nrfxlib/crypto/nrf_cc310_platform/lib/cortex-m4/soft-float/no-interrupts/libnrf_cc310_platform_0.9.12.a(nrf_cc3xx_platform.c.obj)
 .rodata.mutex_free.str1.4
                0x0000000000006a4c       0x26 /home/pedreiras/Nordic/ncs/nrfxlib/crypto/nrf_cc310_platform/lib/cortex-m4/soft-float/no-interrupts/libnrf_cc310_platform_0.9.12.a(nrf_cc3xx_platform_mutex.c.obj)
 *fill*         0x0000000000006a72        0x2 
 .rodata.mutex_init.str1.4
                0x0000000000006a74       0x23 /home/pedreiras/Nordic/ncs/nrfxlib/crypto/nrf_cc310_platform/lib/cortex-m4/soft-float/no-interrupts/libnrf_cc310_platform_0.9.12.a(nrf_cc3xx_platform_mutex.c.obj)
 *fill*         0x0000000000006a97        0x1 
 .rodata.CC_PalPowerSaveModeInit.str1.4
                0x0000000000006a98       0x20 /home/pedreiras/Nordic/ncs/nrfxlib/crypto/nrf_cc310_platform/lib/cortex-m4/soft-float/no-interrupts/libnrf_cc310_platform_0.9.12.a(cc_pal_pm.c.obj)
 .rodata.main.str1.1
                0x0000000000006ab8       0x5d app/libapp.a(main.c.obj)
 .rodata.cbvprintf.str1.1
                0x0000000000006b15        0x6 zephyr/libzephyr.a(cbprintf_complete.c.obj)
 .rodata.sys_notify_finalize.str1.1
                0x0000000000006b1b       0x40 zephyr/libzephyr.a(notify.c.obj)
                                         0x42 (size before relaxing)
 .rodata.mutex_free_platform.str1.1
                0x0000000000006b5b       0x26 zephyr/libzephyr.a(nrf_cc3xx_platform_mutex_zephyr.c.obj)
 .rodata.mutex_init_platform.str1.1
                0x0000000000006b81       0x2d zephyr/libzephyr.a(nrf_cc3xx_platform_mutex_zephyr.c.obj)
 .rodata.process_event.str1.1
                0x0000000000006bae      0x122 zephyr/libzephyr.a(onoff.c.obj)
                                        0x141 (size before relaxing)
 .rodata.pm_state_notify.str1.1
                0x0000000000006cd0       0x9c zephyr/libzephyr.a(power.c.obj)
 .rodata.pm_power_state_force.str1.1
                0x0000000000006cd0       0x76 zephyr/libzephyr.a(power.c.obj)
 .rodata.pm_system_suspend.str1.1
                0x0000000000006d46       0x65 zephyr/libzephyr.a(power.c.obj)
 .rodata.sys_reboot.str1.1
                0x0000000000006dab       0x29 zephyr/libzephyr.a(reboot.c.obj)
 .rodata.z_arm_irq_priority_set.str1.1
                0x0000000000006dd4       0x91 zephyr/arch/arch/arm/core/aarch32/libarch__arm__core__aarch32.a(irq_manage.c.obj)
                                         0xae (size before relaxing)
 .rodata.mem_manage_fault.str1.1
                0x0000000000006e65       0xa7 zephyr/arch/arch/arm/core/aarch32/cortex_m/libarch__arm__core__aarch32__cortex_m.a(fault.c.obj)
                                         0xc4 (size before relaxing)
 .rodata.z_arm_fault.str1.1
                0x0000000000006f0c       0xa5 zephyr/arch/arch/arm/core/aarch32/cortex_m/libarch__arm__core__aarch32__cortex_m.a(fault.c.obj)
                                         0xa7 (size before relaxing)
 .rodata.arm_core_mpu_configure_static_mpu_regions.str1.1
                0x0000000000006fb1       0x63 zephyr/arch/arch/arm/core/aarch32/mpu/libarch__arm__core__aarch32__mpu.a(arm_mpu.c.obj)
                                         0x82 (size before relaxing)
 .rodata.arm_core_mpu_configure_dynamic_mpu_regions.str1.1
                0x0000000000007014       0x2d zephyr/arch/arch/arm/core/aarch32/mpu/libarch__arm__core__aarch32__mpu.a(arm_mpu.c.obj)
 .rodata.z_arm_mpu_init.str1.1
                0x0000000000007041       0xa5 zephyr/arch/arch/arm/core/aarch32/mpu/libarch__arm__core__aarch32__mpu.a(arm_mpu.c.obj)
 .rodata.str1.1
                0x00000000000070e6        0xf zephyr/soc/arm/common/cortex_m/libsoc__arm__common__cortex_m.a(arm_mpu_regions.c.obj)
 .rodata.get_status.str1.1
                0x00000000000070f5       0x61 zephyr/drivers/clock_control/libdrivers__clock_control.a(clock_control_nrf.c.obj)
                                         0x7e (size before relaxing)
 .rodata.clock_event_handler.str1.1
                0x0000000000007156        0x2 zephyr/drivers/clock_control/libdrivers__clock_control.a(clock_control_nrf.c.obj)
 .rodata.z_nrf_clock_control_lf_on.str1.1
                0x0000000000007156        0x9 zephyr/drivers/clock_control/libdrivers__clock_control.a(clock_control_nrf.c.obj)
 .rodata.str1.1
                0x000000000000715f        0x6 zephyr/drivers/clock_control/libdrivers__clock_control.a(clock_control_nrf.c.obj)
 .rodata.gpio_nrfx_manage_callback.str1.1
                0x0000000000007165       0x6e zephyr/drivers/gpio/libdrivers__gpio.a(gpio_nrfx.c.obj)
                                         0x8b (size before relaxing)
 .rodata.gpio_fire_callbacks.str1.1
                0x00000000000071d3        0xc zephyr/drivers/gpio/libdrivers__gpio.a(gpio_nrfx.c.obj)
 .rodata.nrf_gpio_pin_port_decode.str1.1
                0x00000000000071df       0x56 zephyr/drivers/gpio/libdrivers__gpio.a(gpio_nrfx.c.obj)
                                         0x58 (size before relaxing)
 .rodata.str1.1
                0x0000000000007235        0xe zephyr/drivers/gpio/libdrivers__gpio.a(gpio_nrfx.c.obj)
 .rodata.nrf_gpio_pin_port_decode.str1.1
                0x0000000000007243       0x75 zephyr/drivers/serial/libdrivers__serial.a(uart_nrfx_uarte.c.obj)
 .rodata.str1.1
                0x0000000000007243        0xe zephyr/drivers/serial/libdrivers__serial.a(uart_nrfx_uarte.c.obj)
 .rodata.sys_clock_isr.str1.1
                0x0000000000007251       0x32 zephyr/drivers/timer/libdrivers__timer.a(sys_clock_init.c.obj)
                                         0x51 (size before relaxing)
 .rodata.str1.1
                0x0000000000007283        0xa zephyr/drivers/timer/libdrivers__timer.a(sys_clock_init.c.obj)
 .rodata.nrf_clock_is_running.constprop.0.str1.1
                0x000000000000728d       0x34 modules/hal_nordic/nrfx/libmodules__hal_nordic__nrfx.a(nrfx_clock.c.obj)
                                         0x53 (size before relaxing)
 .rodata.nrfx_clock_init.str1.1
                0x00000000000072c1       0x4b modules/hal_nordic/nrfx/libmodules__hal_nordic__nrfx.a(nrfx_clock.c.obj)
 .rodata.nrfx_clock_enable.str1.1
                0x000000000000730c       0x1e modules/hal_nordic/nrfx/libmodules__hal_nordic__nrfx.a(nrfx_clock.c.obj)
 .rodata.CSWTCH.14
                0x000000000000732a        0x6 modules/hal_nordic/nrfx/libmodules__hal_nordic__nrfx.a(system_nrf52840.c.obj)
 .rodata.CSWTCH.5
                0x0000000000007330        0x6 modules/hal_nordic/nrfx/libmodules__hal_nordic__nrfx.a(system_nrf52840.c.obj)
 .rodata._DoInit.str1.1
                0x0000000000007336       0x14 modules/segger/libmodules__segger.a(SEGGER_RTT.c.obj)
 .rodata.z_fatal_error.str1.1
                0x000000000000734a       0x74 zephyr/kernel/libkernel.a(fatal.c.obj)
                                         0x91 (size before relaxing)
 .rodata.idle.str1.1
                0x00000000000073be       0x49 zephyr/kernel/libkernel.a(idle.c.obj)
                                         0x66 (size before relaxing)
 .rodata.z_cstart.str1.1
                0x0000000000007407        0x5 zephyr/kernel/libkernel.a(init.c.obj)
 .rodata.init_mem_slab_module.str1.1
                0x000000000000740c       0x61 zephyr/kernel/libkernel.a(mem_slab.c.obj)
                                         0x7e (size before relaxing)
 .rodata.k_mem_slab_alloc.str1.1
                0x000000000000746d       0x7f zephyr/kernel/libkernel.a(mem_slab.c.obj)
 .rodata.z_impl_k_mutex_lock.str1.1
                0x000000000000746d       0x59 zephyr/kernel/libkernel.a(mutex.c.obj)
                                         0xf5 (size before relaxing)
 .rodata.z_impl_k_mutex_unlock.str1.1
                0x00000000000074c6       0x76 zephyr/kernel/libkernel.a(mutex.c.obj)
 .rodata.z_priq_dumb_add.str1.1
                0x000000000000753c       0x43 zephyr/kernel/libkernel.a(sched.c.obj)
                                         0x60 (size before relaxing)
 .rodata.k_sched_time_slice_set.str1.1
                0x000000000000757f       0x7f zephyr/kernel/libkernel.a(sched.c.obj)
 .rodata.k_sched_lock.str1.1
                0x000000000000757f       0x71 zephyr/kernel/libkernel.a(sched.c.obj)
 .rodata.unpend_thread_no_timeout.str1.1
                0x000000000000757f       0x17 zephyr/kernel/libkernel.a(sched.c.obj)
 .rodata.update_cache.str1.1
                0x0000000000007596       0x27 zephyr/kernel/libkernel.a(sched.c.obj)
 .rodata.k_sched_unlock.str1.1
                0x00000000000075bd       0x31 zephyr/kernel/libkernel.a(sched.c.obj)
 .rodata.z_tick_sleep.str1.1
                0x00000000000075ee       0x40 zephyr/kernel/libkernel.a(sched.c.obj)
 .rodata.z_thread_abort.str1.1
                0x000000000000762e       0x22 zephyr/kernel/libkernel.a(sched.c.obj)
                                         0x24 (size before relaxing)
 .rodata.z_impl_k_sem_give.str1.1
                0x0000000000007650       0x70 zephyr/kernel/libkernel.a(sem.c.obj)
 .rodata.z_impl_k_sem_take.str1.1
                0x0000000000007650       0x6d zephyr/kernel/libkernel.a(sem.c.obj)
                                         0x9c (size before relaxing)
 .rodata.z_setup_new_thread.str1.1
                0x00000000000076bd       0xd4 zephyr/kernel/libkernel.a(thread.c.obj)
                                         0xf1 (size before relaxing)
 .rodata.z_init_static_threads.str1.1
                0x0000000000007791       0x2d zephyr/kernel/libkernel.a(thread.c.obj)
                                         0x4c (size before relaxing)
 .rodata.z_add_timeout.str1.1
                0x00000000000077be       0x44 zephyr/kernel/libkernel.a(timeout.c.obj)
                                         0xe3 (size before relaxing)
 .rodata.boot_banner.str1.1
                0x0000000000007802       0x33 zephyr/kernel/libkernel.a(banner.c.obj)
                                         0x34 (size before relaxing)
 *(SORT_BY_ALIGNMENT(.gnu.linkonce.r.*))
                0x0000000000007838                . = ALIGN (0x4)
 *fill*         0x0000000000007835        0x3 
                0x0000000000007838                __rodata_region_end = .
                0x0000000000007840                . = ALIGN (_region_min_align)
                0x0000000000008000                . = ALIGN ((0x1 << ((__rodata_region_end - __rom_region_start) <= 0x4)?0x2:((__rodata_region_end - __rom_region_start) <= 0x8)?0x3:((__rodata_region_end - __rom_region_start) <= 0x10)?0x4:((__rodata_region_end - __rom_region_start) <= 0x20)?0x5:((__rodata_region_end - __rom_region_start) <= 0x40)?0x6:((__rodata_region_end - __rom_region_start) <= 0x80)?0x7:((__rodata_region_end - __rom_region_start) <= 0x100)?0x8:((__rodata_region_end - __rom_region_start) <= 0x200)?0x9:((__rodata_region_end - __rom_region_start) <= 0x400)?0xa:((__rodata_region_end - __rom_region_start) <= 0x800)?0xb:((__rodata_region_end - __rom_region_start) <= 0x1000)?0xc:((__rodata_region_end - __rom_region_start) <= 0x2000)?0xd:((__rodata_region_end - __rom_region_start) <= 0x4000)?0xe:((__rodata_region_end - __rom_region_start) <= 0x8000)?0xf:((__rodata_region_end - __rom_region_start) <= 0x10000)?0x10:((__rodata_region_end - __rom_region_start) <= 0x20000)?0x11:((__rodata_region_end - __rom_region_start) <= 0x40000)?0x12:((__rodata_region_end - __rom_region_start) <= 0x80000)?0x13:((__rodata_region_end - __rom_region_start) <= 0x100000)?0x14:((__rodata_region_end - __rom_region_start) <= 0x200000)?0x15:((__rodata_region_end - __rom_region_start) <= 0x400000)?0x16:((__rodata_region_end - __rom_region_start) <= 0x800000)?0x17:((__rodata_region_end - __rom_region_start) <= 0x1000000)?0x18:((__rodata_region_end - __rom_region_start) <= 0x2000000)?0x19:((__rodata_region_end - __rom_region_start) <= 0x4000000)?0x1a:((__rodata_region_end - __rom_region_start) <= 0x8000000)?0x1b:((__rodata_region_end - __rom_region_start) <= 0x10000000)?0x1c:((__rodata_region_end - __rom_region_start) <= 0x20000000)?0x1d:((__rodata_region_end - __rom_region_start) <= 0x40000000)?0x1e:((__rodata_region_end - __rom_region_start) <= 0x80000000)?0x1f:0x20))
                0x0000000000008000                __rom_region_end = .
                0x0000000020000000                . = 0x20000000
                0x0000000020000000                . = ALIGN (_region_min_align)
                0x0000000020000000                _image_ram_start = .

.ramfunc        0x0000000020000000        0x0 load address 0x0000000000007838
                0x0000000020000000                . = ALIGN (_region_min_align)
                0x0000000020000000                . = ALIGN ((0x1 << (__ramfunc_size <= 0x4)?0x2:(__ramfunc_size <= 0x8)?0x3:(__ramfunc_size <= 0x10)?0x4:(__ramfunc_size <= 0x20)?0x5:(__ramfunc_size <= 0x40)?0x6:(__ramfunc_size <= 0x80)?0x7:(__ramfunc_size <= 0x100)?0x8:(__ramfunc_size <= 0x200)?0x9:(__ramfunc_size <= 0x400)?0xa:(__ramfunc_size <= 0x800)?0xb:(__ramfunc_size <= 0x1000)?0xc:(__ramfunc_size <= 0x2000)?0xd:(__ramfunc_size <= 0x4000)?0xe:(__ramfunc_size <= 0x8000)?0xf:(__ramfunc_size <= 0x10000)?0x10:(__ramfunc_size <= 0x20000)?0x11:(__ramfunc_size <= 0x40000)?0x12:(__ramfunc_size <= 0x80000)?0x13:(__ramfunc_size <= 0x100000)?0x14:(__ramfunc_size <= 0x200000)?0x15:(__ramfunc_size <= 0x400000)?0x16:(__ramfunc_size <= 0x800000)?0x17:(__ramfunc_size <= 0x1000000)?0x18:(__ramfunc_size <= 0x2000000)?0x19:(__ramfunc_size <= 0x4000000)?0x1a:(__ramfunc_size <= 0x8000000)?0x1b:(__ramfunc_size <= 0x10000000)?0x1c:(__ramfunc_size <= 0x20000000)?0x1d:(__ramfunc_size <= 0x40000000)?0x1e:(__ramfunc_size <= 0x80000000)?0x1f:0x20))
                0x0000000020000000                __ramfunc_start = .
 *(SORT_BY_ALIGNMENT(.ramfunc))
 *(SORT_BY_ALIGNMENT(.ramfunc.*))
                0x0000000020000000                . = ALIGN (_region_min_align)
                0x0000000020000000                . = ALIGN ((0x1 << (__ramfunc_size <= 0x4)?0x2:(__ramfunc_size <= 0x8)?0x3:(__ramfunc_size <= 0x10)?0x4:(__ramfunc_size <= 0x20)?0x5:(__ramfunc_size <= 0x40)?0x6:(__ramfunc_size <= 0x80)?0x7:(__ramfunc_size <= 0x100)?0x8:(__ramfunc_size <= 0x200)?0x9:(__ramfunc_size <= 0x400)?0xa:(__ramfunc_size <= 0x800)?0xb:(__ramfunc_size <= 0x1000)?0xc:(__ramfunc_size <= 0x2000)?0xd:(__ramfunc_size <= 0x4000)?0xe:(__ramfunc_size <= 0x8000)?0xf:(__ramfunc_size <= 0x10000)?0x10:(__ramfunc_size <= 0x20000)?0x11:(__ramfunc_size <= 0x40000)?0x12:(__ramfunc_size <= 0x80000)?0x13:(__ramfunc_size <= 0x100000)?0x14:(__ramfunc_size <= 0x200000)?0x15:(__ramfunc_size <= 0x400000)?0x16:(__ramfunc_size <= 0x800000)?0x17:(__ramfunc_size <= 0x1000000)?0x18:(__ramfunc_size <= 0x2000000)?0x19:(__ramfunc_size <= 0x4000000)?0x1a:(__ramfunc_size <= 0x8000000)?0x1b:(__ramfunc_size <= 0x10000000)?0x1c:(__ramfunc_size <= 0x20000000)?0x1d:(__ramfunc_size <= 0x40000000)?0x1e:(__ramfunc_size <= 0x80000000)?0x1f:0x20))
                0x0000000020000000                __ramfunc_end = .
                0x0000000000000000                __ramfunc_size = (__ramfunc_end - __ramfunc_start)
                0x0000000000007838                __ramfunc_load_start = LOADADDR (.ramfunc)

datas           0x0000000020000000       0xc0 load address 0x0000000000007838
                0x0000000020000000                __data_region_start = .
                0x0000000020000000                __data_start = .
 *(SORT_BY_ALIGNMENT(.data))
 *(SORT_BY_ALIGNMENT(.data.*))
 .data.asym_mutex
                0x0000000020000000        0x8 zephyr/libzephyr.a(nrf_cc3xx_platform_mutex_zephyr.c.obj)
 .data.power_mutex
                0x0000000020000008        0x8 zephyr/libzephyr.a(nrf_cc3xx_platform_mutex_zephyr.c.obj)
 .data.rng_mutex
                0x0000000020000010        0x8 zephyr/libzephyr.a(nrf_cc3xx_platform_mutex_zephyr.c.obj)
 .data.sym_mutex
                0x0000000020000018        0x8 zephyr/libzephyr.a(nrf_cc3xx_platform_mutex_zephyr.c.obj)
 .data.post_ops_done
                0x0000000020000020        0x4 zephyr/libzephyr.a(power.c.obj)
 .data._char_out
                0x0000000020000024        0x4 zephyr/libzephyr.a(printk.c.obj)
                0x0000000020000024                _char_out
 .data._stdout_hook
                0x0000000020000028        0x4 zephyr/lib/libc/minimal/liblib__libc__minimal.a(stdout_console.c.obj)
 .data.uarte_0_data
                0x000000002000002c       0x14 zephyr/drivers/serial/libdrivers__serial.a(uart_nrfx_uarte.c.obj)
 .data.uarte_1_data
                0x0000000020000040       0x14 zephyr/drivers/serial/libdrivers__serial.a(uart_nrfx_uarte.c.obj)
 .data.SystemCoreClock
                0x0000000020000054        0x4 modules/hal_nordic/nrfx/libmodules__hal_nordic__nrfx.a(system_nrf52840.c.obj)
                0x0000000020000054                SystemCoreClock
 .data.timeout_list
                0x0000000020000058        0x8 zephyr/kernel/libkernel.a(timeout.c.obj)
 .data.platform_abort_apis
                0x0000000020000060        0x8 /home/pedreiras/Nordic/ncs/nrfxlib/crypto/nrf_cc310_platform/lib/cortex-m4/soft-float/no-interrupts/libnrf_cc310_platform_0.9.12.a(nrf_cc3xx_platform_abort.c.obj)
                0x0000000020000060                platform_abort_apis
 .data.asym_mutex
                0x0000000020000068        0x8 /home/pedreiras/Nordic/ncs/nrfxlib/crypto/nrf_cc310_platform/lib/cortex-m4/soft-float/no-interrupts/libnrf_cc310_platform_0.9.12.a(nrf_cc3xx_platform_mutex.c.obj)
 .data.platform_mutex_apis
                0x0000000020000070       0x10 /home/pedreiras/Nordic/ncs/nrfxlib/crypto/nrf_cc310_platform/lib/cortex-m4/soft-float/no-interrupts/libnrf_cc310_platform_0.9.12.a(nrf_cc3xx_platform_mutex.c.obj)
                0x0000000020000070                platform_mutex_apis
 .data.platform_mutexes
                0x0000000020000080       0x14 /home/pedreiras/Nordic/ncs/nrfxlib/crypto/nrf_cc310_platform/lib/cortex-m4/soft-float/no-interrupts/libnrf_cc310_platform_0.9.12.a(nrf_cc3xx_platform_mutex.c.obj)
                0x0000000020000080                platform_mutexes
 .data.power_mutex
                0x0000000020000094        0x8 /home/pedreiras/Nordic/ncs/nrfxlib/crypto/nrf_cc310_platform/lib/cortex-m4/soft-float/no-interrupts/libnrf_cc310_platform_0.9.12.a(nrf_cc3xx_platform_mutex.c.obj)
 .data.rng_mutex
                0x000000002000009c        0x8 /home/pedreiras/Nordic/ncs/nrfxlib/crypto/nrf_cc310_platform/lib/cortex-m4/soft-float/no-interrupts/libnrf_cc310_platform_0.9.12.a(nrf_cc3xx_platform_mutex.c.obj)
 .data.sym_mutex
                0x00000000200000a4        0x8 /home/pedreiras/Nordic/ncs/nrfxlib/crypto/nrf_cc310_platform/lib/cortex-m4/soft-float/no-interrupts/libnrf_cc310_platform_0.9.12.a(nrf_cc3xx_platform_mutex.c.obj)
 .data.CCAsymCryptoMutex
                0x00000000200000ac        0x4 /home/pedreiras/Nordic/ncs/nrfxlib/crypto/nrf_cc310_platform/lib/cortex-m4/soft-float/no-interrupts/libnrf_cc310_platform_0.9.12.a(cc_pal.c.obj)
                0x00000000200000ac                CCAsymCryptoMutex
 .data.CCPowerMutex
                0x00000000200000b0        0x4 /home/pedreiras/Nordic/ncs/nrfxlib/crypto/nrf_cc310_platform/lib/cortex-m4/soft-float/no-interrupts/libnrf_cc310_platform_0.9.12.a(cc_pal.c.obj)
                0x00000000200000b0                CCPowerMutex
 .data.CCRndCryptoMutex
                0x00000000200000b4        0x4 /home/pedreiras/Nordic/ncs/nrfxlib/crypto/nrf_cc310_platform/lib/cortex-m4/soft-float/no-interrupts/libnrf_cc310_platform_0.9.12.a(cc_pal.c.obj)
                0x00000000200000b4                CCRndCryptoMutex
 .data.CCSymCryptoMutex
                0x00000000200000b8        0x4 /home/pedreiras/Nordic/ncs/nrfxlib/crypto/nrf_cc310_platform/lib/cortex-m4/soft-float/no-interrupts/libnrf_cc310_platform_0.9.12.a(cc_pal.c.obj)
                0x00000000200000b8                CCSymCryptoMutex
 .data.pCCRndCryptoMutex
                0x00000000200000bc        0x4 /home/pedreiras/Nordic/ncs/nrfxlib/crypto/nrf_cc310_platform/lib/cortex-m4/soft-float/no-interrupts/libnrf_cc310_platform_0.9.12.a(cc_pal.c.obj)
                0x00000000200000bc                pCCRndCryptoMutex
 *(SORT_BY_ALIGNMENT(.kernel.*))
                0x00000000200000c0                __data_end = .
                0x00000000000000c0                __data_size = (__data_end - __data_start)
                0x0000000000007838                __data_load_start = LOADADDR (datas)
                0x0000000000007838                __data_region_load_start = LOADADDR (datas)

device_states   0x00000000200000c0       0x18 load address 0x00000000000078f8
                0x00000000200000c0                __device_states_start = .
 *(SORT_BY_ALIGNMENT(.z_devstate))
 .z_devstate    0x00000000200000c0        0x4 zephyr/drivers/clock_control/libdrivers__clock_control.a(clock_control_nrf.c.obj)
 .z_devstate    0x00000000200000c4        0x8 zephyr/drivers/gpio/libdrivers__gpio.a(gpio_nrfx.c.obj)
 .z_devstate    0x00000000200000cc        0x8 zephyr/drivers/serial/libdrivers__serial.a(uart_nrfx_uarte.c.obj)
 .z_devstate    0x00000000200000d4        0x4 zephyr/drivers/timer/libdrivers__timer.a(sys_clock_init.c.obj)
 *(SORT_BY_ALIGNMENT(.z_devstate.*))
                0x00000000200000d8                __device_states_end = .

initshell       0x00000000200000d8        0x0 load address 0x0000000000007910
                0x00000000200000d8                __shell_module_start = .
 *(SORT_BY_ALIGNMENT(.shell_module_*))
                0x00000000200000d8                __shell_module_end = .
                0x00000000200000d8                __shell_cmd_start = .
 *(SORT_BY_ALIGNMENT(.shell_cmd_*))
                0x00000000200000d8                __shell_cmd_end = .

log_dynamic_sections
                0x00000000200000d8        0x0 load address 0x0000000000007910
                0x00000000200000d8                __log_dynamic_start = .
 *(SORT_BY_NAME(SORT_BY_ALIGNMENT(.log_dynamic_*)))
                0x00000000200000d8                __log_dynamic_end = .

_static_thread_data_area
                0x00000000200000d8        0x0 load address 0x0000000000007910
                0x00000000200000d8                __static_thread_data_list_start = .
 *(SORT_BY_NAME(SORT_BY_ALIGNMENT(.__static_thread_data.static.*)))
                0x00000000200000d8                __static_thread_data_list_end = .

k_timer_area    0x00000000200000d8        0x0 load address 0x0000000000007910
                0x00000000200000d8                _k_timer_list_start = .
 *(SORT_BY_NAME(SORT_BY_ALIGNMENT(._k_timer.static.*)))
                0x00000000200000d8                _k_timer_list_end = .

k_mem_slab_area
                0x00000000200000d8        0x0 load address 0x0000000000007910
                0x00000000200000d8                _k_mem_slab_list_start = .
 *(SORT_BY_NAME(SORT_BY_ALIGNMENT(._k_mem_slab.static.*)))
                0x00000000200000d8                _k_mem_slab_list_end = .

k_mem_pool_area
                0x00000000200000d8        0x0 load address 0x0000000000007910
                0x00000000200000d8                _k_mem_pool_list_start = .
 *(SORT_BY_NAME(SORT_BY_ALIGNMENT(._k_mem_pool.static.*)))
                0x00000000200000d8                _k_mem_pool_list_end = .

k_heap_area     0x00000000200000d8        0x0 load address 0x0000000000007910
                0x00000000200000d8                _k_heap_list_start = .
 *(SORT_BY_NAME(SORT_BY_ALIGNMENT(._k_heap.static.*)))
                0x00000000200000d8                _k_heap_list_end = .

k_mutex_area    0x00000000200000d8       0x50 load address 0x0000000000007910
                0x00000000200000d8                _k_mutex_list_start = .
 *(SORT_BY_NAME(SORT_BY_ALIGNMENT(._k_mutex.static.*)))
 ._k_mutex.static.asym_mutex_int
                0x00000000200000d8       0x14 zephyr/libzephyr.a(nrf_cc3xx_platform_mutex_zephyr.c.obj)
                0x00000000200000d8                asym_mutex_int
 ._k_mutex.static.power_mutex_int
                0x00000000200000ec       0x14 zephyr/libzephyr.a(nrf_cc3xx_platform_mutex_zephyr.c.obj)
                0x00000000200000ec                power_mutex_int
 ._k_mutex.static.rng_mutex_int
                0x0000000020000100       0x14 zephyr/libzephyr.a(nrf_cc3xx_platform_mutex_zephyr.c.obj)
                0x0000000020000100                rng_mutex_int
 ._k_mutex.static.sym_mutex_int
                0x0000000020000114       0x14 zephyr/libzephyr.a(nrf_cc3xx_platform_mutex_zephyr.c.obj)
                0x0000000020000114                sym_mutex_int
                0x0000000020000128                _k_mutex_list_end = .

k_stack_area    0x0000000020000128        0x0 load address 0x0000000000007960
                0x0000000020000128                _k_stack_list_start = .
 *(SORT_BY_NAME(SORT_BY_ALIGNMENT(._k_stack.static.*)))
                0x0000000020000128                _k_stack_list_end = .

k_msgq_area     0x0000000020000128        0x0 load address 0x0000000000007960
                0x0000000020000128                _k_msgq_list_start = .
 *(SORT_BY_NAME(SORT_BY_ALIGNMENT(._k_msgq.static.*)))
                0x0000000020000128                _k_msgq_list_end = .

k_mbox_area     0x0000000020000128        0x0 load address 0x0000000000007960
                0x0000000020000128                _k_mbox_list_start = .
 *(SORT_BY_NAME(SORT_BY_ALIGNMENT(._k_mbox.static.*)))
                0x0000000020000128                _k_mbox_list_end = .

k_pipe_area     0x0000000020000128        0x0 load address 0x0000000000007960
                0x0000000020000128                _k_pipe_list_start = .
 *(SORT_BY_NAME(SORT_BY_ALIGNMENT(._k_pipe.static.*)))
                0x0000000020000128                _k_pipe_list_end = .

k_sem_area      0x0000000020000128        0x0 load address 0x0000000000007960
                0x0000000020000128                _k_sem_list_start = .
 *(SORT_BY_NAME(SORT_BY_ALIGNMENT(._k_sem.static.*)))
                0x0000000020000128                _k_sem_list_end = .

k_queue_area    0x0000000020000128        0x0 load address 0x0000000000007960
                0x0000000020000128                _k_queue_list_start = .
 *(SORT_BY_NAME(SORT_BY_ALIGNMENT(._k_queue.static.*)))
                0x0000000020000128                _k_queue_list_end = .

k_condvar_area  0x0000000020000128        0x0 load address 0x0000000000007960
                0x0000000020000128                _k_condvar_list_start = .
 *(SORT_BY_NAME(SORT_BY_ALIGNMENT(._k_condvar.static.*)))
                0x0000000020000128                _k_condvar_list_end = .

_net_buf_pool_area
                0x0000000020000128        0x0 load address 0x0000000000007960
                0x0000000020000128                _net_buf_pool_list = .
 *(SORT_BY_NAME(SORT_BY_ALIGNMENT(._net_buf_pool.static.*)))
                0x0000000020000128                __data_region_end = .

bss             0x0000000020000128      0xe68
                0x0000000020000128                . = ALIGN (0x4)
                0x0000000020000128                __bss_start = .
                0x0000000020000128                __kernel_ram_start = .
 *(SORT_BY_ALIGNMENT(.bss))
 *(SORT_BY_ALIGNMENT(.bss.*))
 .bss.anchor    0x0000000020000128        0x8 zephyr/drivers/timer/libdrivers__timer.a(nrf_rtc_timer.c.obj)
 .bss.cc_data   0x0000000020000130       0x10 zephyr/drivers/timer/libdrivers__timer.a(nrf_rtc_timer.c.obj)
 .bss.last_count
                0x0000000020000140        0x8 zephyr/drivers/timer/libdrivers__timer.a(nrf_rtc_timer.c.obj)
 .bss.z_idle_threads
                0x0000000020000148       0x80 zephyr/kernel/libkernel.a(init.c.obj)
                0x0000000020000148                z_idle_threads
 .bss.z_main_thread
                0x00000000200001c8       0x80 zephyr/kernel/libkernel.a(init.c.obj)
                0x00000000200001c8                z_main_thread
 .bss.curr_tick
                0x0000000020000248        0x8 zephyr/kernel/libkernel.a(timeout.c.obj)
 .bss.mutex_slab
                0x0000000020000250       0x20 zephyr/libzephyr.a(nrf_cc3xx_platform_mutex_zephyr.c.obj)
                0x0000000020000250                mutex_slab
 .bss.mutex_slab_buffer
                0x0000000020000270      0x500 zephyr/libzephyr.a(nrf_cc3xx_platform_mutex_zephyr.c.obj)
                0x0000000020000270                mutex_slab_buffer
 .bss.pm_notifier_lock
                0x0000000020000770        0x4 zephyr/libzephyr.a(power.c.obj)
 .bss.pm_notifiers
                0x0000000020000774        0x8 zephyr/libzephyr.a(power.c.obj)
 .bss.z_power_state
                0x000000002000077c        0xc zephyr/libzephyr.a(power.c.obj)
 .bss.dynamic_regions.10003
                0x0000000020000788        0xc zephyr/arch/arch/arm/core/aarch32/mpu/libarch__arm__core__aarch32__mpu.a(arm_core_mpu.c.obj)
 .bss.cli.11137
                0x0000000020000794       0x10 zephyr/drivers/clock_control/libdrivers__clock_control.a(clock_control_nrf.c.obj)
 .bss.data      0x00000000200007a4       0x58 zephyr/drivers/clock_control/libdrivers__clock_control.a(clock_control_nrf.c.obj)
 .bss.hfclk_users
                0x00000000200007fc        0x4 zephyr/drivers/clock_control/libdrivers__clock_control.a(clock_control_nrf.c.obj)
 .bss.on.11136  0x0000000020000800        0x4 zephyr/drivers/clock_control/libdrivers__clock_control.a(clock_control_nrf.c.obj)
 .bss.uart_console_dev
                0x0000000020000804        0x4 zephyr/drivers/console/libdrivers__console.a(uart_console.c.obj)
 .bss.gpio_nrfx_p0_data
                0x0000000020000808       0x1c zephyr/drivers/gpio/libdrivers__gpio.a(gpio_nrfx.c.obj)
 .bss.gpio_nrfx_p1_data
                0x0000000020000824       0x1c zephyr/drivers/gpio/libdrivers__gpio.a(gpio_nrfx.c.obj)
 .bss.force_isr_mask
                0x0000000020000840        0x4 zephyr/drivers/timer/libdrivers__timer.a(nrf_rtc_timer.c.obj)
 .bss.int_mask  0x0000000020000844        0x4 zephyr/drivers/timer/libdrivers__timer.a(nrf_rtc_timer.c.obj)
 .bss.overflow_cnt
                0x0000000020000848        0x4 zephyr/drivers/timer/libdrivers__timer.a(nrf_rtc_timer.c.obj)
 .bss.m_clock_cb
                0x000000002000084c        0x8 modules/hal_nordic/nrfx/libmodules__hal_nordic__nrfx.a(nrfx_clock.c.obj)
 .bss.m_cb      0x0000000020000854       0x60 modules/hal_nordic/nrfx/libmodules__hal_nordic__nrfx.a(nrfx_gpiote.c.obj)
 .bss.m_channels_allocated
                0x00000000200008b4        0x4 modules/hal_nordic/nrfx/libmodules__hal_nordic__nrfx.a(nrfx_ppi.c.obj)
 .bss._SEGGER_RTT
                0x00000000200008b8       0xa8 modules/segger/libmodules__segger.a(SEGGER_RTT.c.obj)
                0x00000000200008b8                _SEGGER_RTT
 .bss._kernel   0x0000000020000960       0x28 zephyr/kernel/libkernel.a(init.c.obj)
                0x0000000020000960                _kernel
 .bss.lock      0x0000000020000988        0x4 zephyr/kernel/libkernel.a(mutex.c.obj)
 .bss.pending_current
                0x000000002000098c        0x4 zephyr/kernel/libkernel.a(sched.c.obj)
 .bss.sched_spinlock
                0x0000000020000990        0x4 zephyr/kernel/libkernel.a(sched.c.obj)
                0x0000000020000990                sched_spinlock
 .bss.slice_max_prio
                0x0000000020000994        0x4 zephyr/kernel/libkernel.a(sched.c.obj)
 .bss.slice_time
                0x0000000020000998        0x4 zephyr/kernel/libkernel.a(sched.c.obj)
 .bss.lock      0x000000002000099c        0x4 zephyr/kernel/libkernel.a(sem.c.obj)
 .bss.announce_remaining
                0x00000000200009a0        0x4 zephyr/kernel/libkernel.a(timeout.c.obj)
 .bss.timeout_lock
                0x00000000200009a4        0x4 zephyr/kernel/libkernel.a(timeout.c.obj)
 .bss.nrf_cc3xx_platform_initialized
                0x00000000200009a8        0x4 /home/pedreiras/Nordic/ncs/nrfxlib/crypto/nrf_cc310_platform/lib/cortex-m4/soft-float/no-interrupts/libnrf_cc310_platform_0.9.12.a(nrf_cc3xx_platform.c.obj)